58.53.97.113 - - [16/Dec/2019:17:00:45 +0200] "GET /api/payment/autopayoff/?accountId=dd9b1166-7bcd-4637-896b-1712eccad8ca HTTP/1.1" 200 855
67.77.6.108 - - [16/Dec/2019:17:19:34 +0200] "POST /api/payment/usage/ HTTP/1.1" 200 1642
10.57.109.3 - - [16/Dec/2019:17:34:30 +0200] "POST /api/payment/overdue/ HTTP/1.1" 200 1716
19.105.59.19 - - [16/Dec/2019:17:48:48 +0200] "POST /api/payment/autopayoff/ HTTP/1.1" 200 768
67.77.6.108 - - [16/Dec/2019:17:50:28 +0200] "GET /api/payment/autopayoff/?accountId=c49d585e-6612-4eb9-a7fe-97ec620620e3 HTTP/1.1" 200 1163
62.97.72.40 - - [16/Dec/2019:18:11:48 +0200] "GET /api/payment/admin/ HTTP/1.1" 404 1512
119.48.44.5 - - [16/Dec/2019:19:03:15 +0200] "GET /api/payment/beatrix/ HTTP/1.1" 200 1654
62.97.72.40 - - [16/Dec/2019:19:37:34 +0200] "GET /api/payment/invoice/ HTTP/1.1" 200 1058
10.57.109.3 - - [16/Dec/2019:19:47:39 +0200] "POST /api/payment/admin/ HTTP/1.1" 404 1503
54.96.28.28 - - [16/Dec/2019:19:52:28 +0200] "POST /api/payment/admin/ HTTP/1.1" 404 878
54.96.28.28 - - [16/Dec/2019:19:53:15 +0200] "GET /api/payment/autopayoff/?accountId=74d049e8-a9a0-431f-8150-7fc9d8e57179 HTTP/1.1" 200 1276
46.58.6.7 - - [16/Dec/2019:19:53:32 +0200] "POST /api/payment/account/ HTTP/1.1" 200 793
46.58.6.7 - - [16/Dec/2019:20:36:45 +0200] "GET /api/payment/autopayoff/?accountId=d7739109-751a-4801-aca5-29104cee7211 HTTP/1.1" 200 1105
10.57.109.3 - - [16/Dec/2019:20:50:43 +0200] "GET /api/payment/autopayoff/?accountId=726d2f4d-b535-49b3-9568-572856d0421d HTTP/1.1" 200 1718
54.96.28.28 - - [16/Dec/2019:21:08:50 +0200] "GET /api/payment/invoice/ HTTP/1.1" 200 1799
62.97.72.40 - - [16/Dec/2019:21:19:54 +0200] "POST /api/payment/currency/ HTTP/1.1" 302 1644
12.126.28.109 - - [16/Dec/2019:21:37:17 +0200] "GET /api/payment/autopayoff/?accountId=ca3997e6-9670-4b91-9d66-ce4ae0a97e44 HTTP/1.1" 200 1393
58.53.97.113 - - [16/Dec/2019:22:47:00 +0200] "GET /api/payment/autopayoff/?accountId=4e81b1a1-5f68-4131-bf99-30e314d01a91 HTTP/1.1" 200 1410
35.13.94.10 - - [16/Dec/2019:22:47:28 +0200] "GET /api/payment/account/ HTTP/1.1" 200 1412
119.48.44.5 - - [16/Dec/2019:22:48:15 +0200] "GET /api/payment/autopayoff/?accountId=40007dc2-6f40-44ef-8e09-ab4f1774a0ba HTTP/1.1" 200 947
19.105.59.19 - - [16/Dec/2019:23:21:07 +0200] "POST /api/payment/overdue/ HTTP/1.1" 200 1253
10.57.109.3 - - [16/Dec/2019:23:31:44 +0200] "GET /api/payment/autopayoff/?accountId=3b585bd4-b669-4e56-b71c-9c32e853d602 HTTP/1.1" 200 1561
46.58.6.7 - - [16/Dec/2019:23:35:06 +0200] "GET /api/payment/autopayoff/?accountId=9a7427c7-19e8-48fc-a9ef-c62c848105ed HTTP/1.1" 302 1794
119.48.44.5 - - [16/Dec/2019:23:37:39 +0200] "POST /api/payment/admin/ HTTP/1.1" 404 995
95.104.105.3 - - [16/Dec/2019:23:44:01 +0200] "POST /api/payment/overdue/ HTTP/1.1" 200 1181
58.53.97.113 - - [16/Dec/2019:23:56:13 +0200] "POST /api/payment/autopayoff/ HTTP/1.1" 200 1280
19.105.59.19 - - [17/Dec/2019:00:12:02 +0200] "POST /api/payment/autopayoff/ HTTP/1.1" 200 1779
19.105.59.19 - - [17/Dec/2019:00:41:21 +0200] "POST /api/payment/admin/ HTTP/1.1" 404 1494
46.58.6.7 - - [17/Dec/2019:02:08:42 +0200] "POST /api/payment/profiles/ HTTP/1.1" 200 1168
35.13.94.10 - - [17/Dec/2019:02:23:06 +0200] "GET /api/payment/autopayoff/?accountId=a0d99b72-9654-492f-add6-375c39fce5d4 HTTP/1.1" 400 1360
95.104.105.3 - - [17/Dec/2019:03:12:49 +0200] "POST /api/payment/autopayoff/ HTTP/1.1" 500 1327
95.104.105.3 - - [17/Dec/2019:03:31:21 +0200] "POST /api/payment/overdue/ HTTP/1.1" 400 1790
95.104.105.3 - - [17/Dec/2019:03:50:46 +0200] "POST /api/payment/profiles/ HTTP/1.1" 200 1693
19.105.59.19 - - [17/Dec/2019:04:05:01 +0200] "GET /api/payment/currency/ HTTP/1.1" 200 960
19.105.59.19 - - [17/Dec/2019:04:13:27 +0200] "GET /api/payment/autopayoff/?accountId=b9e7540d-9074-49a8-a229-8187c959d1ed HTTP/1.1" 200 1799
82.15.100.52 - - [17/Dec/2019:04:19:36 +0200] "GET /api/payment/autopayoff/?accountId=1e5364de-1d0e-42ed-8368-2fc6ee593c88 HTTP/1.1" 200 1298
95.104.105.3 - - [17/Dec/2019:04:22:45 +0200] "POST /api/payment/currency/ HTTP/1.1" 200 980
19.105.59.19 - - [17/Dec/2019:04:36:04 +0200] "POST /api/payment/entitlement/ HTTP/1.1" 500 875
54.96.28.28 - - [17/Dec/2019:04:52:08 +0200] "GET /api/payment/account/ HTTP/1.1" 200 1272
19.105.59.19 - - [17/Dec/2019:05:10:24 +0200] "POST /api/payment/subscription/ HTTP/1.1" 200 1757
35.13.94.10 - - [17/Dec/2019:05:16:13 +0200] "POST /api/payment/autopayoff/ HTTP/1.1" 200 1498
19.105.59.19 - - [17/Dec/2019:05:41:53 +0200] "GET /api/payment/subscription/ HTTP/1.1" 200 1751
95.104.105.3 - - [17/Dec/2019:05:48:15 +0200] "GET /api/payment/invoice/ HTTP/1.1" 200 1022
54.96.28.28 - - [17/Dec/2019:05:56:16 +0200] "POST /api/payment/entitlement/ HTTP/1.1" 200 1216
54.96.28.28 - - [17/Dec/2019:06:03:15 +0200] "POST /api/payment/invoice/ HTTP/1.1" 200 1300
95.104.105.3 - - [17/Dec/2019:06:16:29 +0200] "POST /api/payment/usage/ HTTP/1.1" 500 1453
35.13.94.10 - - [17/Dec/2019:06:39:29 +0200] "POST /api/payment/overdue/ HTTP/1.1" 200 1080
46.58.6.7 - - [17/Dec/2019:06:39:53 +0200] "POST /api/payment/autopayoff/ HTTP/1.1" 302 1727
67.77.6.108 - - [17/Dec/2019:07:01:25 +0200] "POST /api/payment/autopayoff/ HTTP/1.1" 302 1516
19.105.59.19 - - [17/Dec/2019:07:14:32 +0200] "POST /api/payment/autopayoff/ HTTP/1.1" 200 1370
58.53.97.113 - - [17/Dec/2019:07:47:40 +0200] "POST /api/payment/usage/ HTTP/1.1" 200 1313
35.13.94.10 - - [17/Dec/2019:08:21:40 +0200] "GET /api/payment/autopayoff/?accountId=1feaa11c-754c-4cc4-a352-5c02e233c38b HTTP/1.1" 400 1069
46.58.6.7 - - [17/Dec/2019:08:24:05 +0200] "GET /api/payment/autopayoff/?accountId=9df59976-1247-4d45-ac30-9492fa7b5928 HTTP/1.1" 500 1012
119.48.44.5 - - [17/Dec/2019:08:28:06 +0200] "POST /api/payment/currency/ HTTP/1.1" 200 1120
35.13.94.10 - - [17/Dec/2019:09:05:32 +0200] "GET /api/payment/subscription/ HTTP/1.1" 200 1065
67.77.6.108 - - [17/Dec/2019:09:49:19 +0200] "POST /api/payment/autopayoff/ HTTP/1.1" 200 1816
35.13.94.10 - - [17/Dec/2019:10:20:05 +0200] "GET /api/payment/subscription/ HTTP/1.1" 302 867
58.53.97.113 - - [17/Dec/2019:10:31:26 +0200] "GET /api/payment/overdue/ HTTP/1.1" 200 1821
58.53.97.113 - - [17/Dec/2019:10:32:31 +0200] "GET /api/payment/usage/ HTTP/1.1" 200 1635
119.48.44.5 - - [17/Dec/2019:11:02:21 +0200] "POST /api/payment/account/ HTTP/1.1" 200 1433
62.97.72.40 - - [17/Dec/2019:11:07:43 +0200] "POST /api/payment/autopayoff/ HTTP/1.1" 200 1473
58.53.97.113 - - [17/Dec/2019:11:19:33 +0200] "POST /api/payment/autopayoff/ HTTP/1.1" 200 1065
82.15.100.52 - - [17/Dec/2019:11:32:41 +0200] "POST /api/payment/usage/ HTTP/1.1" 200 1399
82.15.100.52 - - [17/Dec/2019:11:50:26 +0200] "GET /api/payment/usage/ HTTP/1.1" 200 946
119.48.44.5 - - [17/Dec/2019:11:51:48 +0200] "POST /api/payment/invoice/ HTTP/1.1" 200 1298
95.104.105.3 - - [17/Dec/2019:12:16:24 +0200] "GET /api/payment/autopayoff/?accountId=4a97a9f4-1015-44a5-980e-c6fe65ed4f71 HTTP/1.1" 200 1667
54.96.28.28 - - [17/Dec/2019:12:44:05 +0200] "GET /api/payment/autopayoff/?accountId=9e1ace0a-7972-4a82-a4f0-0a8979cb8c56 HTTP/1.1" 500 1516
119.48.44.5 - - [17/Dec/2019:12:55:56 +0200] "GET /api/payment/subscription/ HTTP/1.1" 200 1100
19.105.59.19 - - [17/Dec/2019:13:01:08 +0200] "GET /api/payment/autopayoff/?accountId=cdfaac0f-a386-4b45-b641-1beea31ae029 HTTP/1.1" 200 1632
19.105.59.19 - - [17/Dec/2019:13:04:06 +0200] "POST /api/payment/autopayoff/ HTTP/1.1" 200 1566
10.57.109.3 - - [17/Dec/2019:13:27:54 +0200] "GET /api/payment/autopayoff/?accountId=4b378b43-1788-424c-9f01-9982ba4c5a29 HTTP/1.1" 500 1288
10.57.109.3 - - [17/Dec/2019:14:28:45 +0200] "POST /api/payment/autopayoff/ HTTP/1.1" 200 1540
46.58.6.7 - - [17/Dec/2019:14:29:27 +0200] "POST /api/payment/autopayoff/ HTTP/1.1" 200 1569
62.97.72.40 - - [17/Dec/2019:14:32:06 +0200] "GET /api/payment/autopayoff/?accountId=89009cff-9dfe-4311-b183-5f5f939da752 HTTP/1.1" 200 1499
119.48.44.5 - - [17/Dec/2019:14:51:11 +0200] "POST /api/payment/profiles/ HTTP/1.1" 200 887
54.96.28.28 - - [17/Dec/2019:15:12:57 +0200] "POST /api/payment/autopayoff/ HTTP/1.1" 200 1638
82.15.100.52 - - [17/Dec/2019:15:16:08 +0200] "POST /api/payment/autopayoff/ HTTP/1.1" 401 1715
54.96.28.28 - - [17/Dec/2019:15:59:57 +0200] "GET /api/payment/admin/ HTTP/1.1" 404 841
12.126.28.109 - - [17/Dec/2019:16:47:04 +0200] "GET /api/payment/autopayoff/?accountId=bc8588f2-0064-4fc5-a719-ae426086e0e5 HTTP/1.1" 200 1902
54.96.28.28 - - [17/Dec/2019:18:51:59 +0200] "GET /api/payment/autopayoff/?accountId=32f85495-bb30-4fd7-bf44-d8023b420017 HTTP/1.1" 200 910
82.15.100.52 - - [17/Dec/2019:19:18:31 +0200] "POST /api/payment/autopayoff/ HTTP/1.1" 200 1237
19.105.59.19 - - [17/Dec/2019:20:02:52 +0200] "POST /api/payment/autopayoff/ HTTP/1.1" 200 899
62.97.72.40 - - [17/Dec/2019:20:46:25 +0200] "POST /api/payment/autopayoff/ HTTP/1.1" 200 827
119.48.44.5 - - [17/Dec/2019:21:11:27 +0200] "POST /api/payment/account/ HTTP/1.1" 200 1494
35.13.94.10 - - [17/Dec/2019:21:46:39 +0200] "GET /api/payment/currency/ HTTP/1.1" 200 823
119.48.44.5 - - [17/Dec/2019:21:52:22 +0200] "POST /api/payment/autopayoff/ HTTP/1.1" 200 1418
82.15.100.52 - - [17/Dec/2019:22:06:28 +0200] "GET /api/payment/subscription/ HTTP/1.1" 200 900
10.57.109.3 - - [17/Dec/2019:22:13:32 +0200] "POST /api/payment/autopayoff/ HTTP/1.1" 200 1694
95.104.105.3 - - [17/Dec/2019:22:26:11 +0200] "GET /api/payment/autopayoff/?accountId=2a970d02-77f9-415c-8ba4-c26db459866c HTTP/1.1" 401 1276
82.15.100.52 - - [17/Dec/2019:22:35:59 +0200] "POST /api/payment/invoice/ HTTP/1.1" 200 1632
82.15.100.52 - - [17/Dec/2019:23:09:39 +0200] "GET /api/payment/autopayoff/?accountId=11440820-ee8e-4b34-a40b-434dcbb80424 HTTP/1.1" 401 825
35.13.94.10 - - [17/Dec/2019:23:22:22 +0200] "POST /api/payment/autopayoff/ HTTP/1.1" 302 977
62.97.72.40 - - [17/Dec/2019:23:24:01 +0200] "GET /api/payment/autopayoff/?accountId=4b500a0a-886a-4864-8254-cd97f2863413 HTTP/1.1" 200 985
82.15.100.52 - - [17/Dec/2019:23:40:04 +0200] "POST /api/payment/autopayoff/ HTTP/1.1" 200 1745
10.57.109.3 - - [18/Dec/2019:00:13:12 +0200] "GET /api/payment/entitlement/ HTTP/1.1" 200 902
82.15.100.52 - - [18/Dec/2019:00:32:34 +0200] "GET /api/payment/subscription/ HTTP/1.1" 500 1210
62.97.72.40 - - [18/Dec/2019:00:35:46 +0200] "POST /api/payment/account/ HTTP/1.1" 200 1219
35.13.94.10 - - [18/Dec/2019:00:38:25 +0200] "POST /api/payment/currency/ HTTP/1.1" 200 1165
19.105.59.19 - - [18/Dec/2019:00:51:10 +0200] "GET /api/payment/autopayoff/?accountId=08fad7c2-8b9a-441c-81db-95508bc994c8 HTTP/1.1" 200 895
95.104.105.3 - - [18/Dec/2019:02:01:00 +0200] "POST /api/payment/autopayoff/ HTTP/1.1" 401 925
12.126.28.109 - - [18/Dec/2019:02:10:14 +0200] "POST /api/payment/autopayoff/ HTTP/1.1" 200 1222
119.48.44.5 - - [18/Dec/2019:02:15:54 +0200] "GET /api/payment/autopayoff/?accountId=92ac635a-f717-4c99-bde6-cd406e67dc78 HTTP/1.1" 200 1711
67.77.6.108 - - [18/Dec/2019:02:39:13 +0200] "POST /api/payment/autopayoff/ HTTP/1.1" 200 744
12.126.28.109 - - [18/Dec/2019:02:39:16 +0200] "GET /api/payment/autopayoff/?accountId=c44bf218-5bb4-4a58-9cf7-c977851e2ebc HTTP/1.1" 200 1199
82.15.100.52 - - [18/Dec/2019:02:45:03 +0200] "POST /api/payment/usage/ HTTP/1.1" 200 1282
19.105.59.19 - - [18/Dec/2019:03:18:16 +0200] "GET /api/payment/autopayoff/?accountId=bbb8724f-870b-4355-935b-4bf646b31457 HTTP/1.1" 200 1032
54.96.28.28 - - [18/Dec/2019:03:35:48 +0200] "GET /api/payment/invoice/ HTTP/1.1" 200 1202
35.13.94.10 - - [18/Dec/2019:04:16:04 +0200] "POST /api/payment/admin/ HTTP/1.1" 404 944
82.15.100.52 - - [18/Dec/2019:04:34:31 +0200] "GET /api/payment/autopayoff/?accountId=4471850b-1c53-4be7-9b23-9c8222058d21 HTTP/1.1" 200 1918
54.96.28.28 - - [18/Dec/2019:05:02:28 +0200] "POST /api/payment/autopayoff/ HTTP/1.1" 200 1518
12.126.28.109 - - [18/Dec/2019:05:07:29 +0200] "POST /api/payment/autopayoff/ HTTP/1.1" 200 1800
82.15.100.52 - - [18/Dec/2019:05:21:19 +0200] "POST /api/payment/entitlement/ HTTP/1.1" 200 1713
62.97.72.40 - - [18/Dec/2019:06:00:15 +0200] "POST /api/payment/autopayoff/ HTTP/1.1" 200 1300
19.105.59.19 - - [18/Dec/2019:06:49:54 +0200] "GET /api/payment/autopayoff/?accountId=9ce2014c-5ff0-4f29-9c58-a2e7c222addb HTTP/1.1" 200 1849
62.97.72.40 - - [18/Dec/2019:07:35:25 +0200] "POST /api/payment/account/ HTTP/1.1" 200 1139
12.126.28.109 - - [18/Dec/2019:08:14:07 +0200] "POST /api/payment/subscription/ HTTP/1.1" 200 1208
62.97.72.40 - - [18/Dec/2019:08:42:27 +0200] "POST /api/payment/autopayoff/ HTTP/1.1" 200 1008
67.77.6.108 - - [18/Dec/2019:08:44:09 +0200] "POST /api/payment/account/ HTTP/1.1" 200 1893
82.15.100.52 - - [18/Dec/2019:08:50:15 +0200] "GET /api/payment/usage/ HTTP/1.1" 200 1390
82.15.100.52 - - [18/Dec/2019:09:02:39 +0200] "POST /api/payment/autopayoff/ HTTP/1.1" 200 1105
62.97.72.40 - - [18/Dec/2019:09:12:08 +0200] "POST /api/payment/currency/ HTTP/1.1" 200 743
12.126.28.109 - - [18/Dec/2019:09:31:31 +0200] "POST /api/payment/usage/ HTTP/1.1" 200 1258
58.53.97.113 - - [18/Dec/2019:10:57:43 +0200] "GET /api/payment/autopayoff/?accountId=c999eb60-148e-4d82-b93f-096fa75c7002 HTTP/1.1" 200 744
35.13.94.10 - - [18/Dec/2019:11:59:34 +0200] "POST /api/payment/overdue/ HTTP/1.1" 200 1918
10.57.109.3 - - [18/Dec/2019:12:22:08 +0200] "GET /api/payment/autopayoff/?accountId=af97365f-dc65-4d76-bbeb-859bce0bd5d6 HTTP/1.1" 400 983
82.15.100.52 - - [18/Dec/2019:12:28:37 +0200] "POST /api/payment/admin/ HTTP/1.1" 404 1876
95.104.105.3 - - [18/Dec/2019:12:31:45 +0200] "GET /api/payment/currency/ HTTP/1.1" 200 1109
58.53.97.113 - - [18/Dec/2019:12:47:06 +0200] "GET /api/payment/currency/ HTTP/1.1" 200 1531
119.48.44.5 - - [18/Dec/2019:12:55:10 +0200] "POST /api/payment/autopayoff/ HTTP/1.1" 200 741
95.104.105.3 - - [18/Dec/2019:13:13:09 +0200] "GET /api/payment/autopayoff/?accountId=60cfd68b-8ad3-4997-bfc4-070339b2f604 HTTP/1.1" 500 1386
95.104.105.3 - - [18/Dec/2019:13:14:19 +0200] "POST /api/payment/autopayoff/ HTTP/1.1" 500 1859
58.53.97.113 - - [18/Dec/2019:13:51:11 +0200] "POST /api/payment/autopayoff/ HTTP/1.1" 200 1512
58.53.97.113 - - [18/Dec/2019:13:53:57 +0200] "POST /api/payment/currency/ HTTP/1.1" 200 839
67.77.6.108 - - [18/Dec/2019:14:25:45 +0200] "POST /api/payment/autopayoff/ HTTP/1.1" 200 1702
46.58.6.7 - - [18/Dec/2019:15:06:43 +0200] "POST /api/payment/autopayoff/ HTTP/1.1" 200 891
12.126.28.109 - - [18/Dec/2019:15:17:24 +0200] "GET /api/payment/autopayoff/?accountId=3696bf69-b59c-4375-a0d6-51667ceca8c5 HTTP/1.1" 200 1591
62.97.72.40 - - [18/Dec/2019:15:26:28 +0200] "POST /api/payment/account/ HTTP/1.1" 200 1680
35.13.94.10 - - [18/Dec/2019:16:13:48 +0200] "GET /api/payment/autopayoff/?accountId=f2be01d8-ff57-4b0c-86fb-dd234f2a8818 HTTP/1.1" 400 1059
95.104.105.3 - - [18/Dec/2019:16:26:05 +0200] "GET /api/payment/invoice/ HTTP/1.1" 200 1063
67.77.6.108 - - [18/Dec/2019:17:09:39 +0200] "GET /api/payment/overdue/ HTTP/1.1" 200 1776
67.77.6.108 - - [18/Dec/2019:17:27:50 +0200] "GET /api/payment/autopayoff/?accountId=716728c1-9cc4-4f80-b85e-cdbccc0223c6 HTTP/1.1" 200 1186
10.57.109.3 - - [18/Dec/2019:17:53:06 +0200] "GET /api/payment/autopayoff/?accountId=9085bf4b-92f8-4dd1-999b-624943c4f9cc HTTP/1.1" 200 1494
95.104.105.3 - - [18/Dec/2019:18:16:43 +0200] "GET /api/payment/autopayoff/?accountId=ea5244eb-7be8-4a78-8900-b66126ac298d HTTP/1.1" 400 1631
95.104.105.3 - - [18/Dec/2019:19:08:41 +0200] "POST /api/payment/account/ HTTP/1.1" 500 1346
12.126.28.109 - - [18/Dec/2019:19:30:29 +0200] "POST /api/payment/autopayoff/ HTTP/1.1" 200 1564
58.53.97.113 - - [18/Dec/2019:21:35:10 +0200] "GET /api/payment/autopayoff/?accountId=f0526629-f636-41ea-9915-93e212c2b54e HTTP/1.1" 200 924
82.15.100.52 - - [18/Dec/2019:21:41:39 +0200] "GET /api/payment/autopayoff/?accountId=3656262a-3219-4653-ac09-314007c0879f HTTP/1.1" 200 1261
46.58.6.7 - - [18/Dec/2019:21:55:51 +0200] "POST /api/payment/autopayoff/ HTTP/1.1" 200 1158
58.53.97.113 - - [18/Dec/2019:22:33:34 +0200] "POST /api/payment/entitlement/ HTTP/1.1" 200 1130
35.13.94.10 - - [18/Dec/2019:23:22:44 +0200] "POST /api/payment/autopayoff/ HTTP/1.1" 200 1563
82.15.100.52 - - [18/Dec/2019:23:41:45 +0200] "POST /api/payment/invoice/ HTTP/1.1" 200 1720
62.97.72.40 - - [18/Dec/2019:23:49:17 +0200] "GET /api/payment/autopayoff/?accountId=11d7353b-e6a0-43b4-9926-ba1aa641e188 HTTP/1.1" 200 1726
12.126.28.109 - - [19/Dec/2019:00:19:30 +0200] "GET /api/payment/entitlement/ HTTP/1.1" 200 1604
119.48.44.5 - - [19/Dec/2019:01:12:50 +0200] "GET /api/payment/autopayoff/?accountId=92390716-c256-4f46-9048-d81d247510b5 HTTP/1.1" 200 1418
62.97.72.40 - - [19/Dec/2019:01:15:56 +0200] "POST /api/payment/invoice/ HTTP/1.1" 200 1142
19.105.59.19 - - [19/Dec/2019:01:44:09 +0200] "GET /api/payment/invoice/ HTTP/1.1" 200 833
95.104.105.3 - - [19/Dec/2019:02:02:49 +0200] "POST /api/payment/entitlement/ HTTP/1.1" 200 1775
95.104.105.3 - - [19/Dec/2019:02:12:47 +0200] "POST /api/payment/autopayoff/ HTTP/1.1" 500 1233
119.48.44.5 - - [19/Dec/2019:02:15:23 +0200] "GET /api/payment/autopayoff/?accountId=cbf123e3-c1c0-4ce4-ad8a-b0b07eb053d2 HTTP/1.1" 401 1033
46.58.6.7 - - [19/Dec/2019:02:50:41 +0200] "POST /api/payment/currency/ HTTP/1.1" 200 1051
95.104.105.3 - - [19/Dec/2019:02:51:19 +0200] "POST /api/payment/autopayoff/ HTTP/1.1" 200 1610
95.104.105.3 - - [19/Dec/2019:02:56:04 +0200] "GET /api/payment/usage/ HTTP/1.1" 200 1790
82.15.100.52 - - [19/Dec/2019:03:11:03 +0200] "GET /api/payment/autopayoff/?accountId=ac4e49bf-125d-4d2c-83b1-223ceca604bd HTTP/1.1" 200 1477
10.57.109.3 - - [19/Dec/2019:03:13:29 +0200] "GET /api/payment/autopayoff/?accountId=9c193b37-b890-480c-bb54-b9aebc71b71e HTTP/1.1" 200 1260
82.15.100.52 - - [19/Dec/2019:03:47:28 +0200] "POST /api/payment/entitlement/ HTTP/1.1" 200 1443
67.77.6.108 - - [19/Dec/2019:03:58:40 +0200] "POST /api/payment/entitlement/ HTTP/1.1" 200 1788
67.77.6.108 - - [19/Dec/2019:04:39:29 +0200] "POST /api/payment/autopayoff/ HTTP/1.1" 401 1290
19.105.59.19 - - [19/Dec/2019:05:25:59 +0200] "GET /api/payment/autopayoff/?accountId=e385a3c3-2f19-46fa-9f73-78636169ee92 HTTP/1.1" 200 915
67.77.6.108 - - [19/Dec/2019:05:38:07 +0200] "GET /api/payment/currency/ HTTP/1.1" 200 1185
82.15.100.52 - - [19/Dec/2019:05:39:56 +0200] "POST /api/payment/subscription/ HTTP/1.1" 302 1000
35.13.94.10 - - [19/Dec/2019:06:35:26 +0200] "GET /api/payment/autopayoff/?accountId=9f3cbbbf-4473-4485-9b09-b90e5c4ff823 HTTP/1.1" 200 748
62.97.72.40 - - [19/Dec/2019:06:41:07 +0200] "GET /api/payment/usage/ HTTP/1.1" 200 901
10.57.109.3 - - [19/Dec/2019:06:45:23 +0200] "GET /api/payment/autopayoff/?accountId=1b3d700b-b6a7-4349-be89-8805ac8767ee HTTP/1.1" 200 1514
67.77.6.108 - - [19/Dec/2019:06:59:07 +0200] "POST /api/payment/autopayoff/ HTTP/1.1" 200 1577
58.53.97.113 - - [19/Dec/2019:07:09:28 +0200] "POST /api/payment/autopayoff/ HTTP/1.1" 200 1730
58.53.97.113 - - [19/Dec/2019:07:42:29 +0200] "POST /api/payment/currency/ HTTP/1.1" 200 1523
67.77.6.108 - - [19/Dec/2019:08:18:28 +0200] "POST /api/payment/autopayoff/ HTTP/1.1" 200 1054
95.104.105.3 - - [19/Dec/2019:09:04:00 +0200] "GET /api/payment/invoice/ HTTP/1.1" 200 1775
67.77.6.108 - - [19/Dec/2019:09:04:49 +0200] "GET /api/payment/overdue/ HTTP/1.1" 200 763
62.97.72.40 - - [19/Dec/2019:09:23:27 +0200] "GET /api/payment/beatrix/ HTTP/1.1" 200 800
46.58.6.7 - - [19/Dec/2019:09:34:59 +0200] "GET /api/payment/beatrix/ HTTP/1.1" 200 1317
58.53.97.113 - - [19/Dec/2019:09:38:07 +0200] "GET /api/payment/autopayoff/?accountId=99a719ad-7a94-4244-9c92-7eaa64c73f6a HTTP/1.1" 401 838
62.97.72.40 - - [19/Dec/2019:10:00:26 +0200] "GET /api/payment/usage/ HTTP/1.1" 200 909
54.96.28.28 - - [19/Dec/2019:10:20:39 +0200] "POST /api/payment/autopayoff/ HTTP/1.1" 400 1750
35.13.94.10 - - [19/Dec/2019:10:41:45 +0200] "POST /api/payment/autopayoff/ HTTP/1.1" 200 1036
82.15.100.52 - - [19/Dec/2019:11:03:20 +0200] "POST /api/payment/invoice/ HTTP/1.1" 200 1468
54.96.28.28 - - [19/Dec/2019:11:15:06 +0200] "GET /api/payment/overdue/ HTTP/1.1" 500 1472
82.15.100.52 - - [19/Dec/2019:11:18:17 +0200] "POST /api/payment/autopayoff/ HTTP/1.1" 302 786
82.15.100.52 - - [19/Dec/2019:11:29:37 +0200] "GET /api/payment/autopayoff/?accountId=f4852558-55ed-4270-84a1-eaff98baeb3f HTTP/1.1" 200 1471
58.53.97.113 - - [19/Dec/2019:11:34:47 +0200] "GET /api/payment/autopayoff/?accountId=d5472064-4729-4d3a-9001-6d2ee90338a7 HTTP/1.1" 200 1232
95.104.105.3 - - [19/Dec/2019:11:39:11 +0200] "GET /api/payment/autopayoff/?accountId=45c55676-3dae-4208-a9dc-ecba199cbab6 HTTP/1.1" 200 1622
35.13.94.10 - - [19/Dec/2019:13:00:58 +0200] "POST /api/payment/usage/ HTTP/1.1" 200 1217
67.77.6.108 - - [19/Dec/2019:13:45:57 +0200] "GET /api/payment/subscription/ HTTP/1.1" 401 1337
10.57.109.3 - - [19/Dec/2019:15:33:33 +0200] "GET /api/payment/invoice/ HTTP/1.1" 401 1568
46.58.6.7 - - [19/Dec/2019:15:37:01 +0200] "GET /api/payment/entitlement/ HTTP/1.1" 400 1532
119.48.44.5 - - [19/Dec/2019:15:52:24 +0200] "GET /api/payment/account/ HTTP/1.1" 200 1738
12.126.28.109 - - [19/Dec/2019:15:55:28 +0200] "POST /api/payment/beatrix/ HTTP/1.1" 200 1517
95.104.105.3 - - [19/Dec/2019:15:58:48 +0200] "POST /api/payment/autopayoff/ HTTP/1.1" 200 1175
54.96.28.28 - - [19/Dec/2019:16:17:53 +0200] "POST /api/payment/autopayoff/ HTTP/1.1" 200 829
62.97.72.40 - - [19/Dec/2019:17:24:36 +0200] "GET /api/payment/admin/ HTTP/1.1" 404 1440
46.58.6.7 - - [19/Dec/2019:17:44:07 +0200] "POST /api/payment/profiles/ HTTP/1.1" 200 927
67.77.6.108 - - [19/Dec/2019:18:28:02 +0200] "POST /api/payment/admin/ HTTP/1.1" 404 1794
54.96.28.28 - - [19/Dec/2019:18:37:49 +0200] "GET /api/payment/autopayoff/?accountId=4cda4830-ff36-48e7-93fc-0fbf02d75d97 HTTP/1.1" 200 926
119.48.44.5 - - [19/Dec/2019:19:04:06 +0200] "GET /api/payment/usage/ HTTP/1.1" 500 1439
12.126.28.109 - - [19/Dec/2019:19:32:39 +0200] "POST /api/payment/autopayoff/ HTTP/1.1" 200 802
62.97.72.40 - - [19/Dec/2019:19:37:21 +0200] "GET /api/payment/invoice/ HTTP/1.1" 302 1107
95.104.105.3 - - [19/Dec/2019:19:53:44 +0200] "POST /api/payment/currency/ HTTP/1.1" 200 1087
54.96.28.28 - - [19/Dec/2019:20:00:35 +0200] "GET /api/payment/autopayoff/?accountId=9ae23661-bc18-4793-ab05-c86e6c946764 HTTP/1.1" 200 844
119.48.44.5 - - [19/Dec/2019:20:12:38 +0200] "GET /api/payment/autopayoff/?accountId=576344de-0f9d-42e1-b607-126b4693b6d7 HTTP/1.1" 200 1838
19.105.59.19 - - [19/Dec/2019:20:26:38 +0200] "GET /api/payment/autopayoff/?accountId=1cf32649-ec91-494b-a03a-8dd0b647d9e2 HTTP/1.1" 500 1577
58.53.97.113 - - [19/Dec/2019:20:43:49 +0200] "GET /api/payment/usage/ HTTP/1.1" 401 915
58.53.97.113 - - [19/Dec/2019:21:45:42 +0200] "GET /api/payment/autopayoff/?accountId=d18b6167-0dc5-4cf5-9d75-a657398246d0 HTTP/1.1" 401 998
95.104.105.3 - - [19/Dec/2019:21:48:54 +0200] "GET /api/payment/currency/ HTTP/1.1" 302 1602
10.57.109.3 - - [19/Dec/2019:22:25:13 +0200] "GET /api/payment/overdue/ HTTP/1.1" 200 1206
67.77.6.108 - - [19/Dec/2019:22:48:41 +0200] "GET /api/payment/autopayoff/?accountId=14322c1c-0ce2-4339-a16e-d2508f088f9e HTTP/1.1" 500 1585
95.104.105.3 - - [19/Dec/2019:23:21:06 +0200] "GET /api/payment/invoice/ HTTP/1.1" 200 1456
10.57.109.3 - - [19/Dec/2019:23:35:15 +0200] "GET /api/payment/currency/ HTTP/1.1" 401 1027
46.58.6.7 - - [19/Dec/2019:23:45:36 +0200] "GET /api/payment/entitlement/ HTTP/1.1" 200 932
95.104.105.3 - - [19/Dec/2019:23:55:12 +0200] "POST /api/payment/autopayoff/ HTTP/1.1" 200 1593
35.13.94.10 - - [19/Dec/2019:23:57:46 +0200] "POST /api/payment/currency/ HTTP/1.1" 200 1808
46.58.6.7 - - [20/Dec/2019:00:00:40 +0200] "GET /api/payment/usage/ HTTP/1.1" 200 1485
82.15.100.52 - - [20/Dec/2019:00:08:56 +0200] "POST /api/payment/profiles/ HTTP/1.1" 200 1263
12.126.28.109 - - [20/Dec/2019:00:54:28 +0200] "GET /api/payment/autopayoff/?accountId=052d46cb-aa17-4346-a283-4e8cbdaea4cb HTTP/1.1" 200 773
82.15.100.52 - - [20/Dec/2019:00:56:40 +0200] "GET /api/payment/entitlement/ HTTP/1.1" 200 1838
82.15.100.52 - - [20/Dec/2019:01:04:32 +0200] "GET /api/payment/autopayoff/?accountId=9161e28f-6468-4f60-ba6b-7609c98327f5 HTTP/1.1" 200 1336
10.57.109.3 - - [20/Dec/2019:01:11:13 +0200] "POST /api/payment/autopayoff/ HTTP/1.1" 500 1576
10.57.109.3 - - [20/Dec/2019:01:12:47 +0200] "GET /api/payment/profiles/ HTTP/1.1" 200 1910
62.97.72.40 - - [20/Dec/2019:01:23:26 +0200] "POST /api/payment/autopayoff/ HTTP/1.1" 200 1582
54.96.28.28 - - [20/Dec/2019:01:30:41 +0200] "POST /api/payment/autopayoff/ HTTP/1.1" 200 1188
46.58.6.7 - - [20/Dec/2019:01:33:59 +0200] "GET /api/payment/entitlement/ HTTP/1.1" 200 1836
95.104.105.3 - - [20/Dec/2019:02:15:39 +0200] "GET /api/payment/admin/ HTTP/1.1" 404 803
35.13.94.10 - - [20/Dec/2019:02:31:18 +0200] "GET /api/payment/autopayoff/?accountId=e9b3a07a-897b-4f73-8526-8b16c0638c24 HTTP/1.1" 200 981
35.13.94.10 - - [20/Dec/2019:03:00:19 +0200] "POST /api/payment/autopayoff/ HTTP/1.1" 200 1335
19.105.59.19 - - [20/Dec/2019:03:16:08 +0200] "GET /api/payment/currency/ HTTP/1.1" 200 1096
95.104.105.3 - - [20/Dec/2019:03:54:52 +0200] "POST /api/payment/autopayoff/ HTTP/1.1" 200 1117
62.97.72.40 - - [20/Dec/2019:03:55:27 +0200] "GET /api/payment/account/ HTTP/1.1" 200 1449
82.15.100.52 - - [20/Dec/2019:03:59:28 +0200] "GET /api/payment/autopayoff/?accountId=66050392-3ab4-49d1-937d-6a3cef602c2c HTTP/1.1" 200 868
82.15.100.52 - - [20/Dec/2019:04:12:52 +0200] "POST /api/payment/autopayoff/ HTTP/1.1" 200 1629
95.104.105.3 - - [20/Dec/2019:04:22:55 +0200] "GET /api/payment/profiles/ HTTP/1.1" 200 1854
54.96.28.28 - - [20/Dec/2019:05:01:17 +0200] "GET /api/payment/usage/ HTTP/1.1" 200 1886
62.97.72.40 - - [20/Dec/2019:05:45:50 +0200] "POST /api/payment/autopayoff/ HTTP/1.1" 200 995
12.126.28.109 - - [20/Dec/2019:06:16:36 +0200] "POST /api/payment/overdue/ HTTP/1.1" 200 1154
54.96.28.28 - - [20/Dec/2019:06:33:30 +0200] "POST /api/payment/autopayoff/ HTTP/1.1" 302 1497
10.57.109.3 - - [20/Dec/2019:06:37:24 +0200] "GET /api/payment/subscription/ HTTP/1.1" 200 1087
10.57.109.3 - - [20/Dec/2019:06:50:27 +0200] "POST /api/payment/autopayoff/ HTTP/1.1" 200 1034
19.105.59.19 - - [20/Dec/2019:07:06:17 +0200] "POST /api/payment/overdue/ HTTP/1.1" 302 946
82.15.100.52 - - [20/Dec/2019:07:14:22 +0200] "POST /api/payment/overdue/ HTTP/1.1" 200 1210
54.96.28.28 - - [20/Dec/2019:07:22:35 +0200] "POST /api/payment/autopayoff/ HTTP/1.1" 200 1875
119.48.44.5 - - [20/Dec/2019:07:49:02 +0200] "POST /api/payment/autopayoff/ HTTP/1.1" 200 1301
82.15.100.52 - - [20/Dec/2019:07:51:02 +0200] "POST /api/payment/autopayoff/ HTTP/1.1" 200 1585
62.97.72.40 - - [20/Dec/2019:08:36:39 +0200] "GET /api/payment/subscription/ HTTP/1.1" 200 1549
95.104.105.3 - - [20/Dec/2019:09:51:21 +0200] "POST /api/payment/account/ HTTP/1.1" 200 1901
119.48.44.5 - - [20/Dec/2019:09:56:48 +0200] "GET /api/payment/profiles/ HTTP/1.1" 200 1072
95.104.105.3 - - [20/Dec/2019:10:23:39 +0200] "GET /api/payment/entitlement/ HTTP/1.1" 200 1000
58.53.97.113 - - [20/Dec/2019:10:36:30 +0200] "GET /api/payment/invoice/ HTTP/1.1" 200 1625
19.105.59.19 - - [20/Dec/2019:10:36:34 +0200] "GET /api/payment/autopayoff/?accountId=b4a9afae-41d5-4122-a080-c118b75022a1 HTTP/1.1" 302 1671
67.77.6.108 - - [20/Dec/2019:10:37:58 +0200] "POST /api/payment/autopayoff/ HTTP/1.1" 200 1554
119.48.44.5 - - [20/Dec/2019:11:20:56 +0200] "POST /api/payment/invoice/ HTTP/1.1" 200 768
12.126.28.109 - - [20/Dec/2019:11:41:30 +0200] "POST /api/payment/admin/ HTTP/1.1" 404 1742
19.105.59.19 - - [20/Dec/2019:11:53:47 +0200] "GET /api/payment/autopayoff/?accountId=dc84bb0c-67fe-4d39-8141-cf3b37660a25 HTTP/1.1" 200 765
12.126.28.109 - - [20/Dec/2019:12:05:17 +0200] "POST /api/payment/autopayoff/ HTTP/1.1" 400 1753
67.77.6.108 - - [20/Dec/2019:12:59:00 +0200] "POST /api/payment/subscription/ HTTP/1.1" 200 877
10.57.109.3 - - [20/Dec/2019:13:20:17 +0200] "POST /api/payment/autopayoff/ HTTP/1.1" 200 1867
82.15.100.52 - - [20/Dec/2019:13:56:19 +0200] "GET /api/payment/admin/ HTTP/1.1" 404 856
10.57.109.3 - - [20/Dec/2019:14:16:00 +0200] "POST /api/payment/beatrix/ HTTP/1.1" 200 1517
10.57.109.3 - - [20/Dec/2019:14:56:03 +0200] "GET /api/payment/autopayoff/?accountId=35e1049b-9389-4688-8833-7ea077118595 HTTP/1.1" 200 1217
95.104.105.3 - - [20/Dec/2019:15:14:18 +0200] "GET /api/payment/autopayoff/?accountId=d55b3f09-3bb0-45a2-a945-421d0add265a HTTP/1.1" 200 1184
67.77.6.108 - - [20/Dec/2019:15:21:13 +0200] "GET /api/payment/entitlement/ HTTP/1.1" 200 1045
82.15.100.52 - - [20/Dec/2019:15:30:46 +0200] "POST /api/payment/autopayoff/ HTTP/1.1" 200 757
54.96.28.28 - - [20/Dec/2019:15:33:21 +0200] "GET /api/payment/profiles/ HTTP/1.1" 200 1907
95.104.105.3 - - [20/Dec/2019:16:07:58 +0200] "POST /api/payment/profiles/ HTTP/1.1" 200 1575
62.97.72.40 - - [20/Dec/2019:16:16:24 +0200] "POST /api/payment/subscription/ HTTP/1.1" 200 988
82.15.100.52 - - [20/Dec/2019:16:19:18 +0200] "GET /api/payment/autopayoff/?accountId=9691840d-977b-41db-b3be-072daa55125b HTTP/1.1" 401 922
82.15.100.52 - - [20/Dec/2019:16:57:23 +0200] "GET /api/payment/autopayoff/?accountId=d90448be-35d2-4626-98fb-2646d9623694 HTTP/1.1" 401 1484
10.57.109.3 - - [20/Dec/2019:17:00:11 +0200] "POST /api/payment/autopayoff/ HTTP/1.1" 400 1660
19.105.59.19 - - [20/Dec/2019:17:01:29 +0200] "POST /api/payment/admin/ HTTP/1.1" 404 797
82.15.100.52 - - [20/Dec/2019:17:05:18 +0200] "POST /api/payment/autopayoff/ HTTP/1.1" 200 1824
62.97.72.40 - - [20/Dec/2019:17:22:48 +0200] "GET /api/payment/beatrix/ HTTP/1.1" 200 951
12.126.28.109 - - [20/Dec/2019:17:25:01 +0200] "GET /api/payment/autopayoff/?accountId=21d18274-fdc8-4669-af70-8e52b74dacb7 HTTP/1.1" 200 994
95.104.105.3 - - [20/Dec/2019:18:20:57 +0200] "POST /api/payment/profiles/ HTTP/1.1" 200 903
10.57.109.3 - - [20/Dec/2019:18:38:09 +0200] "GET /api/payment/autopayoff/?accountId=13999b4a-d06b-4c36-a5e7-8e9ae0e9c5c1 HTTP/1.1" 200 1758
62.97.72.40 - - [20/Dec/2019:18:39:52 +0200] "POST /api/payment/entitlement/ HTTP/1.1" 401 1859
19.105.59.19 - - [20/Dec/2019:19:14:30 +0200] "POST /api/payment/autopayoff/ HTTP/1.1" 200 1579
95.104.105.3 - - [20/Dec/2019:19:36:36 +0200] "GET /api/payment/autopayoff/?accountId=97506212-d108-4df1-a619-2206f08ae1b1 HTTP/1.1" 200 1845
58.53.97.113 - - [20/Dec/2019:20:12:07 +0200] "POST /api/payment/currency/ HTTP/1.1" 200 1851
12.126.28.109 - - [20/Dec/2019:20:39:59 +0200] "GET /api/payment/autopayoff/?accountId=5d61ffd5-b79a-4d97-84b3-018c78452e03 HTTP/1.1" 200 1769
62.97.72.40 - - [20/Dec/2019:21:23:58 +0200] "GET /api/payment/entitlement/ HTTP/1.1" 302 940
35.13.94.10 - - [20/Dec/2019:21:25:04 +0200] "GET /api/payment/account/ HTTP/1.1" 200 1290
10.57.109.3 - - [20/Dec/2019:21:52:44 +0200] "GET /api/payment/autopayoff/?accountId=39237f8c-cc6f-4f1e-bcc4-d8c225a9776f HTTP/1.1" 200 1008
19.105.59.19 - - [20/Dec/2019:21:58:36 +0200] "POST /api/payment/invoice/ HTTP/1.1" 200 1378
54.96.28.28 - - [20/Dec/2019:22:20:42 +0200] "GET /api/payment/autopayoff/?accountId=bf49b88d-b053-49a0-91c9-b11c0dd64ffc HTTP/1.1" 400 920
19.105.59.19 - - [20/Dec/2019:22:58:19 +0200] "POST /api/payment/autopayoff/ HTTP/1.1" 200 1718
12.126.28.109 - - [20/Dec/2019:22:58:38 +0200] "POST /api/payment/beatrix/ HTTP/1.1" 200 1889
35.13.94.10 - - [20/Dec/2019:23:02:28 +0200] "GET /api/payment/autopayoff/?accountId=b5a2eb55-76ee-4cf7-8abf-e9aa5ab1d0de HTTP/1.1" 500 857
46.58.6.7 - - [20/Dec/2019:23:12:15 +0200] "POST /api/payment/profiles/ HTTP/1.1" 200 1838
119.48.44.5 - - [20/Dec/2019:23:18:08 +0200] "POST /api/payment/subscription/ HTTP/1.1" 200 1782
54.96.28.28 - - [20/Dec/2019:23:27:46 +0200] "GET /api/payment/usage/ HTTP/1.1" 200 1400
119.48.44.5 - - [20/Dec/2019:23:52:12 +0200] "POST /api/payment/beatrix/ HTTP/1.1" 200 1202
95.104.105.3 - - [21/Dec/2019:00:09:01 +0200] "GET /api/payment/autopayoff/?accountId=0a069ddb-d9b5-45fc-956e-0009e5ed964c HTTP/1.1" 200 1323
10.57.109.3 - - [21/Dec/2019:00:37:45 +0200] "GET /api/payment/admin/ HTTP/1.1" 404 1878
62.97.72.40 - - [21/Dec/2019:01:25:32 +0200] "POST /api/payment/beatrix/ HTTP/1.1" 500 1053
12.126.28.109 - - [21/Dec/2019:01:26:31 +0200] "POST /api/payment/autopayoff/ HTTP/1.1" 200 1823
19.105.59.19 - - [21/Dec/2019:01:31:24 +0200] "GET /api/payment/autopayoff/?accountId=13243b59-b74b-4341-9be0-bbf87fa34ea4 HTTP/1.1" 200 1658
35.13.94.10 - - [21/Dec/2019:01:39:54 +0200] "POST /api/payment/invoice/ HTTP/1.1" 200 1542
12.126.28.109 - - [21/Dec/2019:01:43:12 +0200] "GET /api/payment/autopayoff/?accountId=7646ae23-a211-46b5-bef4-73b407d9fe65 HTTP/1.1" 200 1696
67.77.6.108 - - [21/Dec/2019:01:58:58 +0200] "GET /api/payment/invoice/ HTTP/1.1" 200 1481
62.97.72.40 - - [21/Dec/2019:02:48:40 +0200] "GET /api/payment/autopayoff/?accountId=1777bfdf-2c41-477e-b05b-c701d19308e7 HTTP/1.1" 200 1116
58.53.97.113 - - [21/Dec/2019:03:29:50 +0200] "GET /api/payment/subscription/ HTTP/1.1" 200 1003
19.105.59.19 - - [21/Dec/2019:03:31:07 +0200] "GET /api/payment/currency/ HTTP/1.1" 200 1753
95.104.105.3 - - [21/Dec/2019:04:09:13 +0200] "GET /api/payment/autopayoff/?accountId=7f71d37a-9aaf-44bc-ac02-b57393323fee HTTP/1.1" 200 1624
82.15.100.52 - - [21/Dec/2019:04:12:32 +0200] "POST /api/payment/autopayoff/ HTTP/1.1" 200 1598
82.15.100.52 - - [21/Dec/2019:05:37:22 +0200] "GET /api/payment/overdue/ HTTP/1.1" 200 1306
82.15.100.52 - - [21/Dec/2019:06:21:43 +0200] "POST /api/payment/account/ HTTP/1.1" 200 1329
35.13.94.10 - - [21/Dec/2019:06:46:25 +0200] "GET /api/payment/overdue/ HTTP/1.1" 200 764
12.126.28.109 - - [21/Dec/2019:07:31:22 +0200] "GET /api/payment/autopayoff/?accountId=fdc5a145-5637-4301-83b2-68b028d15b50 HTTP/1.1" 200 758
58.53.97.113 - - [21/Dec/2019:07:37:50 +0200] "POST /api/payment/overdue/ HTTP/1.1" 200 1045
58.53.97.113 - - [21/Dec/2019:07:39:26 +0200] "POST /api/payment/autopayoff/ HTTP/1.1" 200 1620
10.57.109.3 - - [21/Dec/2019:08:25:26 +0200] "POST /api/payment/invoice/ HTTP/1.1" 200 1891
35.13.94.10 - - [21/Dec/2019:08:30:28 +0200] "GET /api/payment/subscription/ HTTP/1.1" 200 1150
19.105.59.19 - - [21/Dec/2019:08:32:20 +0200] "GET /api/payment/account/ HTTP/1.1" 200 1087
35.13.94.10 - - [21/Dec/2019:09:07:18 +0200] "POST /api/payment/account/ HTTP/1.1" 200 1675
35.13.94.10 - - [21/Dec/2019:09:22:49 +0200] "POST /api/payment/autopayoff/ HTTP/1.1" 200 1365
62.97.72.40 - - [21/Dec/2019:09:59:55 +0200] "POST /api/payment/autopayoff/ HTTP/1.1" 200 815
12.126.28.109 - - [21/Dec/2019:10:08:34 +0200] "POST /api/payment/autopayoff/ HTTP/1.1" 200 1192
46.58.6.7 - - [21/Dec/2019:10:56:24 +0200] "POST /api/payment/invoice/ HTTP/1.1" 200 1309
35.13.94.10 - - [21/Dec/2019:10:57:17 +0200] "GET /api/payment/autopayoff/?accountId=58fa94ea-777f-44fb-a229-3451141796e6 HTTP/1.1" 200 1593
19.105.59.19 - - [21/Dec/2019:11:15:20 +0200] "GET /api/payment/overdue/ HTTP/1.1" 400 809
35.13.94.10 - - [21/Dec/2019:13:05:22 +0200] "GET /api/payment/autopayoff/?accountId=a18599c2-1842-4a02-9e8c-7e1a26215631 HTTP/1.1" 200 1481
10.57.109.3 - - [21/Dec/2019:13:08:36 +0200] "POST /api/payment/profiles/ HTTP/1.1" 200 1050
82.15.100.52 - - [21/Dec/2019:13:44:45 +0200] "POST /api/payment/beatrix/ HTTP/1.1" 302 800
35.13.94.10 - - [21/Dec/2019:13:53:27 +0200] "GET /api/payment/autopayoff/?accountId=fd295b65-4a90-4d5c-bf6b-1b996ec0b770 HTTP/1.1" 200 1913
10.57.109.3 - - [21/Dec/2019:14:05:00 +0200] "POST /api/payment/autopayoff/ HTTP/1.1" 401 1769
46.58.6.7 - - [21/Dec/2019:14:25:36 +0200] "POST /api/payment/autopayoff/ HTTP/1.1" 200 1553
10.57.109.3 - - [21/Dec/2019:14:33:45 +0200] "GET /api/payment/account/ HTTP/1.1" 401 1654
67.77.6.108 - - [21/Dec/2019:14:42:20 +0200] "POST /api/payment/beatrix/ HTTP/1.1" 200 1742
119.48.44.5 - - [21/Dec/2019:15:38:53 +0200] "POST /api/payment/autopayoff/ HTTP/1.1" 200 1866
62.97.72.40 - - [21/Dec/2019:15:40:21 +0200] "POST /api/payment/account/ HTTP/1.1" 200 817
19.105.59.19 - - [21/Dec/2019:16:26:38 +0200] "POST /api/payment/invoice/ HTTP/1.1" 400 1582
62.97.72.40 - - [21/Dec/2019:16:27:49 +0200] "POST /api/payment/profiles/ HTTP/1.1" 200 1874
82.15.100.52 - - [21/Dec/2019:16:31:23 +0200] "POST /api/payment/overdue/ HTTP/1.1" 200 1052
95.104.105.3 - - [21/Dec/2019:17:24:15 +0200] "GET /api/payment/account/ HTTP/1.1" 200 1397
19.105.59.19 - - [21/Dec/2019:17:51:18 +0200] "GET /api/payment/autopayoff/?accountId=59511743-2800-43bb-b524-81f578cb6467 HTTP/1.1" 200 909
54.96.28.28 - - [21/Dec/2019:18:05:54 +0200] "POST /api/payment/subscription/ HTTP/1.1" 200 1219
67.77.6.108 - - [21/Dec/2019:18:16:55 +0200] "POST /api/payment/autopayoff/ HTTP/1.1" 500 911
12.126.28.109 - - [21/Dec/2019:18:44:37 +0200] "GET /api/payment/autopayoff/?accountId=351b212d-7f7c-49f9-be68-ace18d72513d HTTP/1.1" 500 1484
95.104.105.3 - - [21/Dec/2019:20:18:58 +0200] "POST /api/payment/currency/ HTTP/1.1" 200 1654
82.15.100.52 - - [21/Dec/2019:20:21:24 +0200] "GET /api/payment/autopayoff/?accountId=acd8c785-4969-4dd0-a4e1-e1676fbce4f1 HTTP/1.1" 200 1314
62.97.72.40 - - [21/Dec/2019:20:56:14 +0200] "POST /api/payment/entitlement/ HTTP/1.1" 200 1643
54.96.28.28 - - [21/Dec/2019:21:07:31 +0200] "GET /api/payment/beatrix/ HTTP/1.1" 200 1905
119.48.44.5 - - [21/Dec/2019:21:22:21 +0200] "POST /api/payment/beatrix/ HTTP/1.1" 200 1266
10.57.109.3 - - [21/Dec/2019:21:34:20 +0200] "GET /api/payment/profiles/ HTTP/1.1" 200 885
67.77.6.108 - - [21/Dec/2019:21:40:16 +0200] "GET /api/payment/currency/ HTTP/1.1" 200 1472
95.104.105.3 - - [21/Dec/2019:22:04:38 +0200] "GET /api/payment/autopayoff/?accountId=32800449-1a74-43e3-a5de-55084d369021 HTTP/1.1" 200 1095
35.13.94.10 - - [21/Dec/2019:22:49:53 +0200] "GET /api/payment/autopayoff/?accountId=3449b81b-0fd0-40af-8b7e-c790b8f74411 HTTP/1.1" 500 1705
67.77.6.108 - - [21/Dec/2019:23:24:12 +0200] "GET /api/payment/autopayoff/?accountId=5ccb99ea-55c1-4e13-88a1-2016faf1581e HTTP/1.1" 200 1894
46.58.6.7 - - [21/Dec/2019:23:32:05 +0200] "POST /api/payment/usage/ HTTP/1.1" 401 1649
62.97.72.40 - - [22/Dec/2019:00:33:49 +0200] "GET /api/payment/autopayoff/?accountId=61f3205e-52fd-4a33-9d01-094f133e4771 HTTP/1.1" 200 1277
35.13.94.10 - - [22/Dec/2019:00:43:57 +0200] "POST /api/payment/autopayoff/ HTTP/1.1" 200 1103
67.77.6.108 - - [22/Dec/2019:03:02:16 +0200] "GET /api/payment/autopayoff/?accountId=6268e03c-edd2-4e3c-8c3a-1e2d2fe2d8a4 HTTP/1.1" 200 1167
67.77.6.108 - - [22/Dec/2019:03:20:30 +0200] "GET /api/payment/autopayoff/?accountId=85c784ba-dbb5-440f-9012-98d4568e45b9 HTTP/1.1" 200 1111
58.53.97.113 - - [22/Dec/2019:03:23:29 +0200] "POST /api/payment/entitlement/ HTTP/1.1" 200 1901
12.126.28.109 - - [22/Dec/2019:03:46:29 +0200] "GET /api/payment/profiles/ HTTP/1.1" 200 1626
67.77.6.108 - - [22/Dec/2019:04:20:43 +0200] "GET /api/payment/autopayoff/?accountId=145251aa-18fe-4665-bf2d-2dcd8a16d00f HTTP/1.1" 200 942
82.15.100.52 - - [22/Dec/2019:04:21:09 +0200] "GET /api/payment/currency/ HTTP/1.1" 200 830
95.104.105.3 - - [22/Dec/2019:05:02:05 +0200] "POST /api/payment/beatrix/ HTTP/1.1" 200 1531
119.48.44.5 - - [22/Dec/2019:05:47:31 +0200] "GET /api/payment/subscription/ HTTP/1.1" 401 1871
58.53.97.113 - - [22/Dec/2019:05:52:49 +0200] "GET /api/payment/autopayoff/?accountId=8beccfc8-59f1-4560-9e87-a0fa9777a943 HTTP/1.1" 200 1376
54.96.28.28 - - [22/Dec/2019:06:04:53 +0200] "POST /api/payment/subscription/ HTTP/1.1" 200 1878
35.13.94.10 - - [22/Dec/2019:06:24:44 +0200] "POST /api/payment/autopayoff/ HTTP/1.1" 200 1026
67.77.6.108 - - [22/Dec/2019:06:25:50 +0200] "POST /api/payment/usage/ HTTP/1.1" 200 1301
10.57.109.3 - - [22/Dec/2019:06:36:49 +0200] "POST /api/payment/entitlement/ HTTP/1.1" 200 819
46.58.6.7 - - [22/Dec/2019:06:36:58 +0200] "POST /api/payment/entitlement/ HTTP/1.1" 200 1117
95.104.105.3 - - [22/Dec/2019:06:41:25 +0200] "GET /api/payment/account/ HTTP/1.1" 500 1136
10.57.109.3 - - [22/Dec/2019:06:53:27 +0200] "GET /api/payment/autopayoff/?accountId=e4814b2a-2e31-4df1-9edf-74d9df6ae92a HTTP/1.1" 200 1052
67.77.6.108 - - [22/Dec/2019:07:34:23 +0200] "POST /api/payment/account/ HTTP/1.1" 200 1242
54.96.28.28 - - [22/Dec/2019:07:42:11 +0200] "GET /api/payment/entitlement/ HTTP/1.1" 200 1150
62.97.72.40 - - [22/Dec/2019:08:06:47 +0200] "GET /api/payment/account/ HTTP/1.1" 200 1403
58.53.97.113 - - [22/Dec/2019:08:18:12 +0200] "POST /api/payment/usage/ HTTP/1.1" 200 1052
58.53.97.113 - - [22/Dec/2019:08:22:44 +0200] "GET /api/payment/autopayoff/?accountId=df8f097a-88a3-47cc-a2bc-19c09415b811 HTTP/1.1" 200 1690
35.13.94.10 - - [22/Dec/2019:09:43:16 +0200] "POST /api/payment/admin/ HTTP/1.1" 404 1336
12.126.28.109 - - [22/Dec/2019:10:44:18 +0200] "GET /api/payment/autopayoff/?accountId=b1709bd4-b0e9-4b48-a845-85618c3b9897 HTTP/1.1" 200 1734
95.104.105.3 - - [22/Dec/2019:10:48:59 +0200] "POST /api/payment/autopayoff/ HTTP/1.1" 200 1163
58.53.97.113 - - [22/Dec/2019:11:15:39 +0200] "POST /api/payment/autopayoff/ HTTP/1.1" 401 979
58.53.97.113 - - [22/Dec/2019:11:23:09 +0200] "GET /api/payment/autopayoff/?accountId=40db4950-b778-4b54-b219-c0819d226971 HTTP/1.1" 400 1694
62.97.72.40 - - [22/Dec/2019:11:29:30 +0200] "GET /api/payment/account/ HTTP/1.1" 200 1071
82.15.100.52 - - [22/Dec/2019:11:35:53 +0200] "POST /api/payment/autopayoff/ HTTP/1.1" 200 1646
54.96.28.28 - - [22/Dec/2019:11:37:38 +0200] "GET /api/payment/autopayoff/?accountId=422220a2-c68f-41c5-8b72-4d8506d492b7 HTTP/1.1" 200 1529
82.15.100.52 - - [22/Dec/2019:11:44:51 +0200] "GET /api/payment/autopayoff/?accountId=f7ea181e-4372-481b-ab4e-9ff8a54ffc03 HTTP/1.1" 200 1902
10.57.109.3 - - [22/Dec/2019:11:49:16 +0200] "GET /api/payment/overdue/ HTTP/1.1" 200 1674
82.15.100.52 - - [22/Dec/2019:12:09:49 +0200] "POST /api/payment/autopayoff/ HTTP/1.1" 200 1397
62.97.72.40 - - [22/Dec/2019:12:48:45 +0200] "GET /api/payment/autopayoff/?accountId=f099655c-f5c5-461f-8665-7df9536d7495 HTTP/1.1" 200 1622
95.104.105.3 - - [22/Dec/2019:12:52:16 +0200] "POST /api/payment/autopayoff/ HTTP/1.1" 400 1255
35.13.94.10 - - [22/Dec/2019:13:05:21 +0200] "GET /api/payment/invoice/ HTTP/1.1" 200 1119
119.48.44.5 - - [22/Dec/2019:13:12:54 +0200] "GET /api/payment/autopayoff/?accountId=f2cc2c97-90cc-47d8-84db-3e2653f18019 HTTP/1.1" 200 1083
12.126.28.109 - - [22/Dec/2019:13:53:39 +0200] "GET /api/payment/profiles/ HTTP/1.1" 200 942
58.53.97.113 - - [22/Dec/2019:14:20:08 +0200] "POST /api/payment/beatrix/ HTTP/1.1" 200 1650
46.58.6.7 - - [22/Dec/2019:14:45:20 +0200] "GET /api/payment/autopayoff/?accountId=9e0f1073-59c6-4d9b-a645-c350259b8029 HTTP/1.1" 302 908
10.57.109.3 - - [22/Dec/2019:15:28:20 +0200] "GET /api/payment/autopayoff/?accountId=06209ff1-9d80-4b49-b52b-708a782bcf55 HTTP/1.1" 200 1214
12.126.28.109 - - [22/Dec/2019:15:57:34 +0200] "GET /api/payment/currency/ HTTP/1.1" 200 1656
95.104.105.3 - - [22/Dec/2019:16:03:22 +0200] "GET /api/payment/usage/ HTTP/1.1" 200 989
95.104.105.3 - - [22/Dec/2019:16:26:00 +0200] "POST /api/payment/beatrix/ HTTP/1.1" 200 1687
119.48.44.5 - - [22/Dec/2019:17:37:01 +0200] "POST /api/payment/usage/ HTTP/1.1" 200 1837
19.105.59.19 - - [22/Dec/2019:18:04:47 +0200] "GET /api/payment/subscription/ HTTP/1.1" 200 1529
119.48.44.5 - - [22/Dec/2019:18:16:52 +0200] "GET /api/payment/autopayoff/?accountId=365d5482-f1c4-48cd-bdad-21b1a9ef1a8b HTTP/1.1" 200 1141
67.77.6.108 - - [22/Dec/2019:18:34:57 +0200] "POST /api/payment/autopayoff/ HTTP/1.1" 200 1095
119.48.44.5 - - [22/Dec/2019:18:35:56 +0200] "GET /api/payment/overdue/ HTTP/1.1" 400 1504
10.57.109.3 - - [22/Dec/2019:18:47:01 +0200] "POST /api/payment/autopayoff/ HTTP/1.1" 200 1219
58.53.97.113 - - [22/Dec/2019:18:51:25 +0200] "POST /api/payment/subscription/ HTTP/1.1" 200 1003
46.58.6.7 - - [22/Dec/2019:20:20:29 +0200] "GET /api/payment/account/ HTTP/1.1" 200 1229
12.126.28.109 - - [22/Dec/2019:21:10:12 +0200] "POST /api/payment/currency/ HTTP/1.1" 200 1396
10.57.109.3 - - [22/Dec/2019:21:35:21 +0200] "GET /api/payment/account/ HTTP/1.1" 200 1165
19.105.59.19 - - [22/Dec/2019:21:37:26 +0200] "POST /api/payment/autopayoff/ HTTP/1.1" 200 1386
12.126.28.109 - - [22/Dec/2019:22:06:00 +0200] "GET /api/payment/entitlement/ HTTP/1.1" 200 1758
19.105.59.19 - - [22/Dec/2019:22:11:12 +0200] "GET /api/payment/autopayoff/?accountId=8b19dbcd-b2b3-45f1-b4e9-d0ea74bca4c1 HTTP/1.1" 500 890
67.77.6.108 - - [22/Dec/2019:22:52:47 +0200] "POST /api/payment/beatrix/ HTTP/1.1" 500 1279
10.57.109.3 - - [22/Dec/2019:22:56:41 +0200] "POST /api/payment/autopayoff/ HTTP/1.1" 200 1235
35.13.94.10 - - [22/Dec/2019:23:02:23 +0200] "GET /api/payment/currency/ HTTP/1.1" 200 762
54.96.28.28 - - [22/Dec/2019:23:16:17 +0200] "GET /api/payment/currency/ HTTP/1.1" 200 1487
82.15.100.52 - - [22/Dec/2019:23:33:03 +0200] "POST /api/payment/autopayoff/ HTTP/1.1" 200 879
54.96.28.28 - - [23/Dec/2019:00:03:59 +0200] "POST /api/payment/currency/ HTTP/1.1" 200 777
19.105.59.19 - - [23/Dec/2019:01:17:21 +0200] "GET /api/payment/currency/ HTTP/1.1" 200 1409
35.13.94.10 - - [23/Dec/2019:01:33:21 +0200] "GET /api/payment/beatrix/ HTTP/1.1" 200 907
119.48.44.5 - - [23/Dec/2019:01:54:01 +0200] "GET /api/payment/usage/ HTTP/1.1" 200 840
54.96.28.28 - - [23/Dec/2019:02:28:16 +0200] "POST /api/payment/account/ HTTP/1.1" 200 1880
19.105.59.19 - - [23/Dec/2019:02:42:17 +0200] "POST /api/payment/profiles/ HTTP/1.1" 200 891
10.57.109.3 - - [23/Dec/2019:03:00:29 +0200] "GET /api/payment/admin/ HTTP/1.1" 404 1278
95.104.105.3 - - [23/Dec/2019:03:15:10 +0200] "GET /api/payment/autopayoff/?accountId=6f21baf0-e05e-40f1-a2a6-977922e2bf64 HTTP/1.1" 200 1423
19.105.59.19 - - [23/Dec/2019:03:21:26 +0200] "POST /api/payment/autopayoff/ HTTP/1.1" 302 1100
19.105.59.19 - - [23/Dec/2019:03:23:29 +0200] "POST /api/payment/usage/ HTTP/1.1" 401 1359
10.57.109.3 - - [23/Dec/2019:03:26:29 +0200] "POST /api/payment/autopayoff/ HTTP/1.1" 200 828
35.13.94.10 - - [23/Dec/2019:03:28:03 +0200] "POST /api/payment/autopayoff/ HTTP/1.1" 200 894
19.105.59.19 - - [23/Dec/2019:03:53:59 +0200] "GET /api/payment/account/ HTTP/1.1" 200 1190
58.53.97.113 - - [23/Dec/2019:04:04:05 +0200] "GET /api/payment/autopayoff/?accountId=17cb0d2f-ba81-4d88-8cd3-2057c33c50d1 HTTP/1.1" 500 1826
35.13.94.10 - - [23/Dec/2019:04:28:53 +0200] "POST /api/payment/profiles/ HTTP/1.1" 200 747
95.104.105.3 - - [23/Dec/2019:04:33:55 +0200] "GET /api/payment/admin/ HTTP/1.1" 404 1563
46.58.6.7 - - [23/Dec/2019:04:47:18 +0200] "GET /api/payment/autopayoff/?accountId=8f1c64de-a592-446e-82cb-e894a68bcd02 HTTP/1.1" 400 1176
35.13.94.10 - - [23/Dec/2019:05:00:08 +0200] "GET /api/payment/autopayoff/?accountId=53d1aefd-c697-48ed-893c-f9c28a35cd35 HTTP/1.1" 500 1777
35.13.94.10 - - [23/Dec/2019:05:50:46 +0200] "POST /api/payment/invoice/ HTTP/1.1" 200 806
62.97.72.40 - - [23/Dec/2019:05:54:51 +0200] "POST /api/payment/autopayoff/ HTTP/1.1" 200 938
62.97.72.40 - - [23/Dec/2019:06:19:58 +0200] "POST /api/payment/autopayoff/ HTTP/1.1" 200 1872
35.13.94.10 - - [23/Dec/2019:06:27:32 +0200] "POST /api/payment/invoice/ HTTP/1.1" 200 1659
82.15.100.52 - - [23/Dec/2019:07:16:59 +0200] "POST /api/payment/autopayoff/ HTTP/1.1" 200 1459
62.97.72.40 - - [23/Dec/2019:07:51:12 +0200] "POST /api/payment/account/ HTTP/1.1" 200 877
58.53.97.113 - - [23/Dec/2019:08:27:54 +0200] "POST /api/payment/autopayoff/ HTTP/1.1" 200 1492
12.126.28.109 - - [23/Dec/2019:08:40:44 +0200] "POST /api/payment/admin/ HTTP/1.1" 404 832
12.126.28.109 - - [23/Dec/2019:09:13:26 +0200] "GET /api/payment/admin/ HTTP/1.1" 404 1695
19.105.59.19 - - [23/Dec/2019:09:42:35 +0200] "GET /api/payment/beatrix/ HTTP/1.1" 200 1131
95.104.105.3 - - [23/Dec/2019:10:10:08 +0200] "POST /api/payment/usage/ HTTP/1.1" 200 1550
58.53.97.113 - - [23/Dec/2019:10:55:19 +0200] "GET /api/payment/invoice/ HTTP/1.1" 200 1002
82.15.100.52 - - [23/Dec/2019:11:30:02 +0200] "GET /api/payment/admin/ HTTP/1.1" 404 1516
95.104.105.3 - - [23/Dec/2019:11:39:26 +0200] "POST /api/payment/usage/ HTTP/1.1" 200 1640
82.15.100.52 - - [23/Dec/2019:13:24:46 +0200] "POST /api/payment/currency/ HTTP/1.1" 200 1755
10.57.109.3 - - [23/Dec/2019:14:17:28 +0200] "POST /api/payment/subscription/ HTTP/1.1" 302 1649
62.97.72.40 - - [23/Dec/2019:14:36:30 +0200] "POST /api/payment/overdue/ HTTP/1.1" 302 1533
95.104.105.3 - - [23/Dec/2019:15:08:00 +0200] "POST /api/payment/overdue/ HTTP/1.1" 200 886
119.48.44.5 - - [23/Dec/2019:15:46:25 +0200] "POST /api/payment/admin/ HTTP/1.1" 404 1853
35.13.94.10 - - [23/Dec/2019:15:48:46 +0200] "GET /api/payment/account/ HTTP/1.1" 200 1085
46.58.6.7 - - [23/Dec/2019:15:52:06 +0200] "POST /api/payment/admin/ HTTP/1.1" 404 1806
58.53.97.113 - - [23/Dec/2019:16:06:31 +0200] "GET /api/payment/autopayoff/?accountId=e123a977-0110-436c-903e-83fd9db7ac41 HTTP/1.1" 200 1504
82.15.100.52 - - [23/Dec/2019:16:08:28 +0200] "GET /api/payment/beatrix/ HTTP/1.1" 200 1424
119.48.44.5 - - [23/Dec/2019:16:42:51 +0200] "GET /api/payment/autopayoff/?accountId=f2dd4b40-0740-4372-92c8-d036bc215312 HTTP/1.1" 200 1892
82.15.100.52 - - [23/Dec/2019:16:53:32 +0200] "POST /api/payment/autopayoff/ HTTP/1.1" 200 1141
19.105.59.19 - - [23/Dec/2019:17:27:59 +0200] "GET /api/payment/overdue/ HTTP/1.1" 200 1895
119.48.44.5 - - [23/Dec/2019:17:28:07 +0200] "GET /api/payment/autopayoff/?accountId=d49aea11-2e5c-4c4a-b794-c0d04946b20f HTTP/1.1" 200 923
12.126.28.109 - - [23/Dec/2019:17:38:13 +0200] "POST /api/payment/autopayoff/ HTTP/1.1" 200 815
12.126.28.109 - - [23/Dec/2019:17:48:02 +0200] "GET /api/payment/autopayoff/?accountId=e0ce36cd-5884-4b1c-9e73-fdba24cf9f84 HTTP/1.1" 200 1737
46.58.6.7 - - [23/Dec/2019:17:49:00 +0200] "GET /api/payment/currency/ HTTP/1.1" 200 1891
35.13.94.10 - - [23/Dec/2019:18:01:17 +0200] "GET /api/payment/beatrix/ HTTP/1.1" 200 1135
12.126.28.109 - - [23/Dec/2019:18:14:27 +0200] "GET /api/payment/account/ HTTP/1.1" 401 1884
119.48.44.5 - - [23/Dec/2019:18:38:37 +0200] "GET /api/payment/currency/ HTTP/1.1" 302 1669
119.48.44.5 - - [23/Dec/2019:18:59:05 +0200] "POST /api/payment/profiles/ HTTP/1.1" 200 1786
62.97.72.40 - - [23/Dec/2019:19:27:07 +0200] "GET /api/payment/autopayoff/?accountId=ace3ab5c-dd4b-4344-8dc0-cce483659e22 HTTP/1.1" 200 1066
58.53.97.113 - - [23/Dec/2019:19:33:26 +0200] "GET /api/payment/autopayoff/?accountId=f2baeb9a-2a85-4cc4-8392-9b9c73d82de0 HTTP/1.1" 200 1048
119.48.44.5 - - [23/Dec/2019:19:43:39 +0200] "GET /api/payment/profiles/ HTTP/1.1" 200 1005
119.48.44.5 - - [23/Dec/2019:20:03:39 +0200] "GET /api/payment/subscription/ HTTP/1.1" 200 1163
