95.104.105.3 - - [10/Dec/2019:11:10:37 +0200] "GET /api/payment/entitlement/ HTTP/1.1" 200 1408
82.15.100.52 - - [10/Dec/2019:11:34:31 +0200] "GET /api/payment/autopayoff/?accountId=2a6bde91-101f-4784-bf7b-ad40e12670aa HTTP/1.1" 200 810
95.104.105.3 - - [10/Dec/2019:11:44:17 +0200] "POST /api/payment/account/ HTTP/1.1" 200 797
95.104.105.3 - - [10/Dec/2019:11:49:23 +0200] "POST /api/payment/autopayoff/ HTTP/1.1" 200 1146
12.126.28.109 - - [10/Dec/2019:12:05:37 +0200] "POST /api/payment/overdue/ HTTP/1.1" 200 1174
10.57.109.3 - - [10/Dec/2019:12:30:18 +0200] "GET /api/payment/usage/ HTTP/1.1" 200 886
35.13.94.10 - - [10/Dec/2019:12:35:00 +0200] "GET /api/payment/autopayoff/?accountId=6f136182-1933-4e4e-a378-94d8b062836b HTTP/1.1" 302 1835
67.77.6.108 - - [10/Dec/2019:12:37:49 +0200] "GET /api/payment/usage/ HTTP/1.1" 200 1523
67.77.6.108 - - [10/Dec/2019:12:40:35 +0200] "POST /api/payment/autopayoff/ HTTP/1.1" 200 1718
95.104.105.3 - - [10/Dec/2019:12:48:51 +0200] "POST /api/payment/invoice/ HTTP/1.1" 200 1160
12.126.28.109 - - [10/Dec/2019:13:12:10 +0200] "GET /api/payment/beatrix/ HTTP/1.1" 400 1816
12.126.28.109 - - [10/Dec/2019:13:17:35 +0200] "POST /api/payment/overdue/ HTTP/1.1" 200 1518
19.105.59.19 - - [10/Dec/2019:13:50:04 +0200] "POST /api/payment/autopayoff/ HTTP/1.1" 400 1336
119.48.44.5 - - [10/Dec/2019:13:58:28 +0200] "GET /api/payment/autopayoff/?accountId=7ee9e75c-ad5a-414c-9d6a-4952de5ebecc HTTP/1.1" 200 994
12.126.28.109 - - [10/Dec/2019:14:01:27 +0200] "POST /api/payment/currency/ HTTP/1.1" 302 1731
67.77.6.108 - - [10/Dec/2019:14:18:40 +0200] "GET /api/payment/autopayoff/?accountId=f3ea3026-2572-4e2a-8a0e-ca4168fe822b HTTP/1.1" 200 823
62.97.72.40 - - [10/Dec/2019:15:13:32 +0200] "GET /api/payment/entitlement/ HTTP/1.1" 302 1099
10.57.109.3 - - [10/Dec/2019:15:17:30 +0200] "POST /api/payment/account/ HTTP/1.1" 200 1721
19.105.59.19 - - [10/Dec/2019:15:24:12 +0200] "POST /api/payment/autopayoff/ HTTP/1.1" 200 1077
46.58.6.7 - - [10/Dec/2019:15:55:18 +0200] "POST /api/payment/autopayoff/ HTTP/1.1" 200 1775
95.104.105.3 - - [10/Dec/2019:16:30:46 +0200] "GET /api/payment/autopayoff/?accountId=8fc5a63f-53fd-4fca-8bad-dba6c9a77962 HTTP/1.1" 200 1797
67.77.6.108 - - [10/Dec/2019:16:45:10 +0200] "POST /api/payment/currency/ HTTP/1.1" 500 1450
54.96.28.28 - - [10/Dec/2019:17:08:33 +0200] "GET /api/payment/overdue/ HTTP/1.1" 302 1408
12.126.28.109 - - [10/Dec/2019:17:32:36 +0200] "GET /api/payment/admin/ HTTP/1.1" 404 1597
35.13.94.10 - - [10/Dec/2019:18:20:06 +0200] "GET /api/payment/usage/ HTTP/1.1" 200 1795
82.15.100.52 - - [10/Dec/2019:18:42:07 +0200] "GET /api/payment/autopayoff/?accountId=b2035705-2ee5-4c32-80ae-f7ca8e532ef1 HTTP/1.1" 200 1388
46.58.6.7 - - [10/Dec/2019:18:58:33 +0200] "POST /api/payment/autopayoff/ HTTP/1.1" 200 1272
67.77.6.108 - - [10/Dec/2019:19:41:49 +0200] "POST /api/payment/autopayoff/ HTTP/1.1" 400 1221
35.13.94.10 - - [10/Dec/2019:19:57:24 +0200] "POST /api/payment/invoice/ HTTP/1.1" 400 1615
10.57.109.3 - - [10/Dec/2019:20:08:52 +0200] "POST /api/payment/autopayoff/ HTTP/1.1" 500 1146
54.96.28.28 - - [10/Dec/2019:20:33:30 +0200] "GET /api/payment/autopayoff/?accountId=fe024e8c-0bfe-4777-b8e4-0b5c9f8bc25a HTTP/1.1" 200 1812
95.104.105.3 - - [10/Dec/2019:21:30:06 +0200] "GET /api/payment/admin/ HTTP/1.1" 404 1456
119.48.44.5 - - [10/Dec/2019:21:32:21 +0200] "POST /api/payment/autopayoff/ HTTP/1.1" 200 1007
58.53.97.113 - - [10/Dec/2019:21:37:56 +0200] "POST /api/payment/invoice/ HTTP/1.1" 200 1208
35.13.94.10 - - [10/Dec/2019:22:41:42 +0200] "POST /api/payment/profiles/ HTTP/1.1" 200 1555
19.105.59.19 - - [10/Dec/2019:22:54:35 +0200] "GET /api/payment/autopayoff/?accountId=2fafe68c-ed52-4c78-8b6c-19940e62464d HTTP/1.1" 200 1580
35.13.94.10 - - [10/Dec/2019:23:11:58 +0200] "GET /api/payment/admin/ HTTP/1.1" 404 1515
19.105.59.19 - - [10/Dec/2019:23:15:13 +0200] "GET /api/payment/overdue/ HTTP/1.1" 200 1382
12.126.28.109 - - [10/Dec/2019:23:30:06 +0200] "POST /api/payment/currency/ HTTP/1.1" 200 1801
58.53.97.113 - - [10/Dec/2019:23:30:24 +0200] "POST /api/payment/usage/ HTTP/1.1" 200 1815
62.97.72.40 - - [10/Dec/2019:23:46:56 +0200] "GET /api/payment/usage/ HTTP/1.1" 200 1230
46.58.6.7 - - [11/Dec/2019:00:40:36 +0200] "POST /api/payment/entitlement/ HTTP/1.1" 200 1255
95.104.105.3 - - [11/Dec/2019:00:42:12 +0200] "POST /api/payment/autopayoff/ HTTP/1.1" 500 781
54.96.28.28 - - [11/Dec/2019:01:00:54 +0200] "GET /api/payment/entitlement/ HTTP/1.1" 200 1398
35.13.94.10 - - [11/Dec/2019:01:10:59 +0200] "GET /api/payment/autopayoff/?accountId=6921d8e4-15c3-4ff7-87a8-c46cfe060195 HTTP/1.1" 500 1167
67.77.6.108 - - [11/Dec/2019:02:22:11 +0200] "GET /api/payment/autopayoff/?accountId=cf173d29-5f55-4eef-9887-18461b84c8ac HTTP/1.1" 200 812
10.57.109.3 - - [11/Dec/2019:02:24:37 +0200] "POST /api/payment/autopayoff/ HTTP/1.1" 200 1248
67.77.6.108 - - [11/Dec/2019:02:47:55 +0200] "GET /api/payment/overdue/ HTTP/1.1" 200 910
35.13.94.10 - - [11/Dec/2019:02:56:02 +0200] "GET /api/payment/autopayoff/?accountId=84fe7a7f-6a86-401d-912f-ed81f6610085 HTTP/1.1" 500 978
35.13.94.10 - - [11/Dec/2019:03:04:14 +0200] "POST /api/payment/autopayoff/ HTTP/1.1" 200 1737
67.77.6.108 - - [11/Dec/2019:03:12:43 +0200] "POST /api/payment/currency/ HTTP/1.1" 200 886
12.126.28.109 - - [11/Dec/2019:03:27:24 +0200] "GET /api/payment/admin/ HTTP/1.1" 404 1919
54.96.28.28 - - [11/Dec/2019:03:31:42 +0200] "POST /api/payment/autopayoff/ HTTP/1.1" 200 1547
46.58.6.7 - - [11/Dec/2019:03:47:32 +0200] "POST /api/payment/autopayoff/ HTTP/1.1" 200 1501
95.104.105.3 - - [11/Dec/2019:03:53:09 +0200] "GET /api/payment/subscription/ HTTP/1.1" 400 1307
58.53.97.113 - - [11/Dec/2019:04:01:45 +0200] "GET /api/payment/currency/ HTTP/1.1" 200 1917
10.57.109.3 - - [11/Dec/2019:04:22:02 +0200] "POST /api/payment/autopayoff/ HTTP/1.1" 200 1912
54.96.28.28 - - [11/Dec/2019:06:02:15 +0200] "GET /api/payment/profiles/ HTTP/1.1" 200 1743
54.96.28.28 - - [11/Dec/2019:06:04:56 +0200] "GET /api/payment/beatrix/ HTTP/1.1" 200 1831
12.126.28.109 - - [11/Dec/2019:06:35:55 +0200] "POST /api/payment/admin/ HTTP/1.1" 404 1293
35.13.94.10 - - [11/Dec/2019:07:42:11 +0200] "GET /api/payment/invoice/ HTTP/1.1" 200 1792
46.58.6.7 - - [11/Dec/2019:08:18:42 +0200] "GET /api/payment/currency/ HTTP/1.1" 200 1664
54.96.28.28 - - [11/Dec/2019:08:22:21 +0200] "POST /api/payment/autopayoff/ HTTP/1.1" 200 762
95.104.105.3 - - [11/Dec/2019:08:32:35 +0200] "POST /api/payment/beatrix/ HTTP/1.1" 302 1300
10.57.109.3 - - [11/Dec/2019:09:24:39 +0200] "POST /api/payment/beatrix/ HTTP/1.1" 500 998
12.126.28.109 - - [11/Dec/2019:10:05:53 +0200] "GET /api/payment/autopayoff/?accountId=56ed24be-be8b-4732-bc9c-18152d3b01ab HTTP/1.1" 200 891
95.104.105.3 - - [11/Dec/2019:10:25:32 +0200] "POST /api/payment/subscription/ HTTP/1.1" 200 1229
95.104.105.3 - - [11/Dec/2019:11:00:45 +0200] "GET /api/payment/usage/ HTTP/1.1" 200 934
10.57.109.3 - - [11/Dec/2019:11:08:35 +0200] "POST /api/payment/usage/ HTTP/1.1" 500 1820
10.57.109.3 - - [11/Dec/2019:11:20:45 +0200] "GET /api/payment/autopayoff/?accountId=33229777-2703-45bd-bfd3-286e82675b69 HTTP/1.1" 200 1557
95.104.105.3 - - [11/Dec/2019:11:37:19 +0200] "POST /api/payment/autopayoff/ HTTP/1.1" 200 1233
82.15.100.52 - - [11/Dec/2019:11:55:26 +0200] "POST /api/payment/account/ HTTP/1.1" 200 1798
58.53.97.113 - - [11/Dec/2019:12:04:23 +0200] "GET /api/payment/entitlement/ HTTP/1.1" 200 930
19.105.59.19 - - [11/Dec/2019:12:31:29 +0200] "GET /api/payment/autopayoff/?accountId=38473252-fd98-46aa-8baa-08225cf018a0 HTTP/1.1" 200 1794
95.104.105.3 - - [11/Dec/2019:13:13:03 +0200] "POST /api/payment/account/ HTTP/1.1" 200 1387
54.96.28.28 - - [11/Dec/2019:13:18:03 +0200] "POST /api/payment/currency/ HTTP/1.1" 200 1399
12.126.28.109 - - [11/Dec/2019:13:22:41 +0200] "POST /api/payment/subscription/ HTTP/1.1" 400 848
62.97.72.40 - - [11/Dec/2019:13:29:35 +0200] "GET /api/payment/autopayoff/?accountId=efd4f6dc-1800-4207-b4d3-a20637bed1f6 HTTP/1.1" 500 774
10.57.109.3 - - [11/Dec/2019:13:38:48 +0200] "POST /api/payment/beatrix/ HTTP/1.1" 200 791
62.97.72.40 - - [11/Dec/2019:14:04:45 +0200] "GET /api/payment/autopayoff/?accountId=71a547b7-9254-4f51-a0ef-f4221788c4a1 HTTP/1.1" 200 1491
67.77.6.108 - - [11/Dec/2019:14:04:47 +0200] "POST /api/payment/overdue/ HTTP/1.1" 200 1723
95.104.105.3 - - [11/Dec/2019:14:05:09 +0200] "POST /api/payment/autopayoff/ HTTP/1.1" 200 1130
67.77.6.108 - - [11/Dec/2019:14:28:37 +0200] "POST /api/payment/beatrix/ HTTP/1.1" 200 1897
58.53.97.113 - - [11/Dec/2019:14:41:38 +0200] "GET /api/payment/autopayoff/?accountId=66a3ddcc-be28-48b3-8599-90400e22e1f8 HTTP/1.1" 200 1145
67.77.6.108 - - [11/Dec/2019:14:47:26 +0200] "POST /api/payment/autopayoff/ HTTP/1.1" 500 1912
54.96.28.28 - - [11/Dec/2019:14:56:43 +0200] "GET /api/payment/usage/ HTTP/1.1" 200 1199
58.53.97.113 - - [11/Dec/2019:16:23:30 +0200] "POST /api/payment/autopayoff/ HTTP/1.1" 200 1309
54.96.28.28 - - [11/Dec/2019:16:27:04 +0200] "GET /api/payment/autopayoff/?accountId=6bcd11da-196f-4348-b28f-95caa783a36e HTTP/1.1" 200 1670
95.104.105.3 - - [11/Dec/2019:16:32:38 +0200] "POST /api/payment/autopayoff/ HTTP/1.1" 500 1587
19.105.59.19 - - [11/Dec/2019:16:50:34 +0200] "POST /api/payment/invoice/ HTTP/1.1" 200 1008
46.58.6.7 - - [11/Dec/2019:16:59:50 +0200] "POST /api/payment/overdue/ HTTP/1.1" 200 1858
10.57.109.3 - - [11/Dec/2019:17:44:11 +0200] "GET /api/payment/invoice/ HTTP/1.1" 200 1022
12.126.28.109 - - [11/Dec/2019:18:41:06 +0200] "GET /api/payment/autopayoff/?accountId=684414ae-dbe7-4590-a1e6-12286deece7d HTTP/1.1" 302 1371
19.105.59.19 - - [11/Dec/2019:18:58:11 +0200] "GET /api/payment/invoice/ HTTP/1.1" 200 1450
12.126.28.109 - - [11/Dec/2019:19:40:33 +0200] "GET /api/payment/usage/ HTTP/1.1" 200 1345
58.53.97.113 - - [11/Dec/2019:19:57:32 +0200] "GET /api/payment/usage/ HTTP/1.1" 200 1802
95.104.105.3 - - [11/Dec/2019:20:29:47 +0200] "POST /api/payment/invoice/ HTTP/1.1" 200 1298
95.104.105.3 - - [11/Dec/2019:20:40:34 +0200] "POST /api/payment/subscription/ HTTP/1.1" 200 1090
62.97.72.40 - - [11/Dec/2019:20:59:35 +0200] "GET /api/payment/beatrix/ HTTP/1.1" 200 1702
58.53.97.113 - - [11/Dec/2019:23:05:38 +0200] "GET /api/payment/autopayoff/?accountId=6f2bd8c7-3db6-4cf3-a507-f66cd169bbe1 HTTP/1.1" 302 773
46.58.6.7 - - [11/Dec/2019:23:05:51 +0200] "GET /api/payment/entitlement/ HTTP/1.1" 500 743
58.53.97.113 - - [11/Dec/2019:23:22:01 +0200] "GET /api/payment/autopayoff/?accountId=fe8e0fe7-1705-41ed-8743-639152b3fd39 HTTP/1.1" 200 1850
119.48.44.5 - - [11/Dec/2019:23:39:53 +0200] "GET /api/payment/autopayoff/?accountId=1ced4662-0978-4f75-ad66-2f997480f23d HTTP/1.1" 200 1575
10.57.109.3 - - [12/Dec/2019:00:06:09 +0200] "POST /api/payment/autopayoff/ HTTP/1.1" 200 1297
19.105.59.19 - - [12/Dec/2019:00:15:16 +0200] "GET /api/payment/autopayoff/?accountId=97314b68-4660-4afd-ad72-1c313fb40613 HTTP/1.1" 200 1240
12.126.28.109 - - [12/Dec/2019:00:21:23 +0200] "POST /api/payment/autopayoff/ HTTP/1.1" 200 813
35.13.94.10 - - [12/Dec/2019:00:29:55 +0200] "POST /api/payment/usage/ HTTP/1.1" 200 1585
58.53.97.113 - - [12/Dec/2019:00:41:40 +0200] "POST /api/payment/currency/ HTTP/1.1" 200 1782
35.13.94.10 - - [12/Dec/2019:00:47:31 +0200] "GET /api/payment/currency/ HTTP/1.1" 200 1543
54.96.28.28 - - [12/Dec/2019:01:27:41 +0200] "GET /api/payment/currency/ HTTP/1.1" 401 1207
62.97.72.40 - - [12/Dec/2019:01:48:27 +0200] "POST /api/payment/autopayoff/ HTTP/1.1" 500 796
46.58.6.7 - - [12/Dec/2019:01:59:39 +0200] "POST /api/payment/profiles/ HTTP/1.1" 200 973
58.53.97.113 - - [12/Dec/2019:02:23:30 +0200] "POST /api/payment/account/ HTTP/1.1" 401 1726
58.53.97.113 - - [12/Dec/2019:02:45:24 +0200] "GET /api/payment/autopayoff/?accountId=ced563fe-d1f0-4f4f-a483-59c86b753510 HTTP/1.1" 200 1425
46.58.6.7 - - [12/Dec/2019:02:48:37 +0200] "GET /api/payment/profiles/ HTTP/1.1" 200 1141
35.13.94.10 - - [12/Dec/2019:03:02:38 +0200] "POST /api/payment/autopayoff/ HTTP/1.1" 200 1754
67.77.6.108 - - [12/Dec/2019:03:13:25 +0200] "GET /api/payment/account/ HTTP/1.1" 200 927
95.104.105.3 - - [12/Dec/2019:03:33:15 +0200] "POST /api/payment/overdue/ HTTP/1.1" 200 1691
10.57.109.3 - - [12/Dec/2019:05:06:15 +0200] "POST /api/payment/autopayoff/ HTTP/1.1" 200 1273
35.13.94.10 - - [12/Dec/2019:05:10:41 +0200] "POST /api/payment/invoice/ HTTP/1.1" 200 1382
62.97.72.40 - - [12/Dec/2019:05:13:26 +0200] "GET /api/payment/autopayoff/?accountId=f7226e29-9bdb-4eb8-a92e-fce4d1374b8f HTTP/1.1" 200 1561
82.15.100.52 - - [12/Dec/2019:05:25:42 +0200] "GET /api/payment/autopayoff/?accountId=a07586d1-f998-4386-a5cc-acb8d954f254 HTTP/1.1" 200 797
58.53.97.113 - - [12/Dec/2019:05:41:27 +0200] "POST /api/payment/profiles/ HTTP/1.1" 200 1709
58.53.97.113 - - [12/Dec/2019:06:07:24 +0200] "POST /api/payment/subscription/ HTTP/1.1" 200 863
62.97.72.40 - - [12/Dec/2019:06:16:27 +0200] "GET /api/payment/autopayoff/?accountId=4f8df98e-5117-47aa-9bc0-7aec31ac16d0 HTTP/1.1" 200 1409
54.96.28.28 - - [12/Dec/2019:06:18:31 +0200] "GET /api/payment/autopayoff/?accountId=b33ae2a7-1ceb-4826-bdc8-de0c77b5b8fb HTTP/1.1" 200 827
46.58.6.7 - - [12/Dec/2019:06:26:55 +0200] "GET /api/payment/autopayoff/?accountId=0af19c26-12b6-470f-8ad7-9eaf81d7dac0 HTTP/1.1" 200 843
35.13.94.10 - - [12/Dec/2019:07:16:05 +0200] "POST /api/payment/autopayoff/ HTTP/1.1" 401 1534
46.58.6.7 - - [12/Dec/2019:07:35:19 +0200] "POST /api/payment/autopayoff/ HTTP/1.1" 200 1812
35.13.94.10 - - [12/Dec/2019:07:35:47 +0200] "POST /api/payment/admin/ HTTP/1.1" 404 1354
19.105.59.19 - - [12/Dec/2019:07:36:40 +0200] "GET /api/payment/profiles/ HTTP/1.1" 200 756
119.48.44.5 - - [12/Dec/2019:08:00:25 +0200] "GET /api/payment/autopayoff/?accountId=1a0817e3-a6b5-4603-af6a-ad8e4134e7dc HTTP/1.1" 200 1545
35.13.94.10 - - [12/Dec/2019:08:02:32 +0200] "GET /api/payment/overdue/ HTTP/1.1" 500 872
10.57.109.3 - - [12/Dec/2019:08:26:35 +0200] "GET /api/payment/autopayoff/?accountId=acd58811-5421-413e-b4fa-f4a3cd8f2591 HTTP/1.1" 200 1086
119.48.44.5 - - [12/Dec/2019:08:29:06 +0200] "GET /api/payment/entitlement/ HTTP/1.1" 200 1733
35.13.94.10 - - [12/Dec/2019:08:53:26 +0200] "GET /api/payment/entitlement/ HTTP/1.1" 200 1116
10.57.109.3 - - [12/Dec/2019:09:42:24 +0200] "POST /api/payment/autopayoff/ HTTP/1.1" 200 1272
67.77.6.108 - - [12/Dec/2019:09:49:55 +0200] "GET /api/payment/autopayoff/?accountId=875d64e6-0ea6-4cd2-9592-280d0f3a0fca HTTP/1.1" 200 1167
58.53.97.113 - - [12/Dec/2019:09:52:58 +0200] "GET /api/payment/beatrix/ HTTP/1.1" 200 764
119.48.44.5 - - [12/Dec/2019:09:59:46 +0200] "POST /api/payment/autopayoff/ HTTP/1.1" 200 1724
82.15.100.52 - - [12/Dec/2019:10:20:19 +0200] "POST /api/payment/beatrix/ HTTP/1.1" 200 857
119.48.44.5 - - [12/Dec/2019:10:34:24 +0200] "POST /api/payment/profiles/ HTTP/1.1" 200 1695
12.126.28.109 - - [12/Dec/2019:10:35:25 +0200] "POST /api/payment/admin/ HTTP/1.1" 404 1831
12.126.28.109 - - [12/Dec/2019:10:48:27 +0200] "GET /api/payment/beatrix/ HTTP/1.1" 200 1604
54.96.28.28 - - [12/Dec/2019:11:16:05 +0200] "POST /api/payment/autopayoff/ HTTP/1.1" 200 1512
58.53.97.113 - - [12/Dec/2019:11:31:39 +0200] "GET /api/payment/autopayoff/?accountId=1f40b5dd-e32d-4f01-aea0-3e7dae51c96a HTTP/1.1" 401 1297
58.53.97.113 - - [12/Dec/2019:11:38:03 +0200] "POST /api/payment/autopayoff/ HTTP/1.1" 200 1018
19.105.59.19 - - [12/Dec/2019:12:00:55 +0200] "POST /api/payment/autopayoff/ HTTP/1.1" 200 1564
12.126.28.109 - - [12/Dec/2019:12:50:10 +0200] "POST /api/payment/autopayoff/ HTTP/1.1" 200 1528
46.58.6.7 - - [12/Dec/2019:12:53:44 +0200] "GET /api/payment/autopayoff/?accountId=ade3ae87-cd03-4182-b4f2-9f0bb3b4c707 HTTP/1.1" 200 1596
12.126.28.109 - - [12/Dec/2019:13:10:07 +0200] "GET /api/payment/subscription/ HTTP/1.1" 200 1241
10.57.109.3 - - [12/Dec/2019:13:10:09 +0200] "GET /api/payment/autopayoff/?accountId=06f5a0d3-7aee-47cb-8c80-42c03c17e803 HTTP/1.1" 200 847
62.97.72.40 - - [12/Dec/2019:13:43:10 +0200] "POST /api/payment/currency/ HTTP/1.1" 200 859
67.77.6.108 - - [12/Dec/2019:14:19:00 +0200] "GET /api/payment/autopayoff/?accountId=0d3c3515-64ca-4310-91eb-22d7bd0c052a HTTP/1.1" 400 944
10.57.109.3 - - [12/Dec/2019:14:24:33 +0200] "GET /api/payment/profiles/ HTTP/1.1" 200 1160
119.48.44.5 - - [12/Dec/2019:14:52:32 +0200] "GET /api/payment/autopayoff/?accountId=9476262e-d3b1-4938-a066-40392f3c1048 HTTP/1.1" 200 1631
82.15.100.52 - - [12/Dec/2019:15:03:25 +0200] "GET /api/payment/autopayoff/?accountId=de5ac5db-eb45-4b6c-b7de-a378400881b6 HTTP/1.1" 200 1905
12.126.28.109 - - [12/Dec/2019:15:12:41 +0200] "GET /api/payment/beatrix/ HTTP/1.1" 200 1682
12.126.28.109 - - [12/Dec/2019:15:16:10 +0200] "GET /api/payment/autopayoff/?accountId=ecdd28f2-aa9e-4821-9bca-a7717561ccb9 HTTP/1.1" 200 1133
54.96.28.28 - - [12/Dec/2019:15:23:12 +0200] "GET /api/payment/autopayoff/?accountId=26c59935-1f0e-4b88-bc1c-3a96833803af HTTP/1.1" 302 1779
95.104.105.3 - - [12/Dec/2019:15:27:07 +0200] "GET /api/payment/admin/ HTTP/1.1" 404 1445
119.48.44.5 - - [12/Dec/2019:15:29:21 +0200] "POST /api/payment/overdue/ HTTP/1.1" 200 1572
119.48.44.5 - - [12/Dec/2019:16:06:00 +0200] "GET /api/payment/autopayoff/?accountId=1129adfa-88f0-4dde-b9cb-b1806d149057 HTTP/1.1" 401 1044
82.15.100.52 - - [12/Dec/2019:16:16:01 +0200] "POST /api/payment/account/ HTTP/1.1" 200 1242
95.104.105.3 - - [12/Dec/2019:16:50:57 +0200] "GET /api/payment/autopayoff/?accountId=2b1b281e-545c-403d-a64c-fcb9049cd7c9 HTTP/1.1" 500 1412
82.15.100.52 - - [12/Dec/2019:16:55:43 +0200] "GET /api/payment/profiles/ HTTP/1.1" 200 1904
119.48.44.5 - - [12/Dec/2019:17:09:01 +0200] "GET /api/payment/admin/ HTTP/1.1" 404 1865
67.77.6.108 - - [12/Dec/2019:18:21:00 +0200] "GET /api/payment/autopayoff/?accountId=34cfa9e0-7f1d-4f65-98cd-6a18275c5cf5 HTTP/1.1" 200 1434
82.15.100.52 - - [12/Dec/2019:18:23:37 +0200] "POST /api/payment/subscription/ HTTP/1.1" 200 829
35.13.94.10 - - [12/Dec/2019:18:25:05 +0200] "GET /api/payment/autopayoff/?accountId=c0549e57-5bd9-4ea5-9bd7-61cc23d6c872 HTTP/1.1" 200 1872
35.13.94.10 - - [12/Dec/2019:18:47:11 +0200] "POST /api/payment/autopayoff/ HTTP/1.1" 200 1244
119.48.44.5 - - [12/Dec/2019:18:50:14 +0200] "GET /api/payment/account/ HTTP/1.1" 200 1500
82.15.100.52 - - [12/Dec/2019:19:11:11 +0200] "POST /api/payment/autopayoff/ HTTP/1.1" 200 1682
82.15.100.52 - - [12/Dec/2019:19:20:57 +0200] "GET /api/payment/overdue/ HTTP/1.1" 200 1459
46.58.6.7 - - [12/Dec/2019:19:41:56 +0200] "POST /api/payment/autopayoff/ HTTP/1.1" 200 856
119.48.44.5 - - [12/Dec/2019:19:55:24 +0200] "POST /api/payment/beatrix/ HTTP/1.1" 200 1879
82.15.100.52 - - [12/Dec/2019:20:42:27 +0200] "GET /api/payment/subscription/ HTTP/1.1" 200 1662
12.126.28.109 - - [12/Dec/2019:21:15:22 +0200] "GET /api/payment/autopayoff/?accountId=99915e81-f6c7-4e8e-bde1-76c0ad0bfe61 HTTP/1.1" 302 1022
62.97.72.40 - - [12/Dec/2019:22:01:15 +0200] "POST /api/payment/autopayoff/ HTTP/1.1" 200 1385
58.53.97.113 - - [12/Dec/2019:22:01:32 +0200] "GET /api/payment/autopayoff/?accountId=455913ff-942d-42a5-89c1-08a82aad36dc HTTP/1.1" 200 926
62.97.72.40 - - [12/Dec/2019:22:36:11 +0200] "GET /api/payment/entitlement/ HTTP/1.1" 200 1294
67.77.6.108 - - [12/Dec/2019:23:14:05 +0200] "GET /api/payment/admin/ HTTP/1.1" 404 1632
67.77.6.108 - - [12/Dec/2019:23:31:33 +0200] "GET /api/payment/overdue/ HTTP/1.1" 200 1414
58.53.97.113 - - [12/Dec/2019:23:36:46 +0200] "POST /api/payment/account/ HTTP/1.1" 200 1465
35.13.94.10 - - [12/Dec/2019:23:50:24 +0200] "GET /api/payment/beatrix/ HTTP/1.1" 200 1447
82.15.100.52 - - [12/Dec/2019:23:53:35 +0200] "GET /api/payment/profiles/ HTTP/1.1" 400 1849
58.53.97.113 - - [13/Dec/2019:00:10:15 +0200] "GET /api/payment/overdue/ HTTP/1.1" 200 1807
12.126.28.109 - - [13/Dec/2019:01:24:54 +0200] "GET /api/payment/beatrix/ HTTP/1.1" 500 1815
46.58.6.7 - - [13/Dec/2019:02:00:15 +0200] "GET /api/payment/autopayoff/?accountId=5aa33f1b-6bc9-438c-a690-d2bc6450201a HTTP/1.1" 400 1570
82.15.100.52 - - [13/Dec/2019:02:07:15 +0200] "GET /api/payment/entitlement/ HTTP/1.1" 500 890
82.15.100.52 - - [13/Dec/2019:02:22:44 +0200] "GET /api/payment/beatrix/ HTTP/1.1" 200 1649
119.48.44.5 - - [13/Dec/2019:02:38:38 +0200] "POST /api/payment/usage/ HTTP/1.1" 200 1545
54.96.28.28 - - [13/Dec/2019:02:49:49 +0200] "GET /api/payment/usage/ HTTP/1.1" 200 1769
62.97.72.40 - - [13/Dec/2019:03:27:59 +0200] "GET /api/payment/autopayoff/?accountId=3182a951-a295-47a9-b3f2-14e09a2977c3 HTTP/1.1" 500 1693
95.104.105.3 - - [13/Dec/2019:04:25:57 +0200] "GET /api/payment/invoice/ HTTP/1.1" 500 769
58.53.97.113 - - [13/Dec/2019:04:46:49 +0200] "POST /api/payment/autopayoff/ HTTP/1.1" 500 1758
82.15.100.52 - - [13/Dec/2019:04:57:27 +0200] "GET /api/payment/admin/ HTTP/1.1" 404 1344
46.58.6.7 - - [13/Dec/2019:05:05:27 +0200] "POST /api/payment/profiles/ HTTP/1.1" 200 868
58.53.97.113 - - [13/Dec/2019:05:33:48 +0200] "POST /api/payment/profiles/ HTTP/1.1" 200 1311
62.97.72.40 - - [13/Dec/2019:05:49:43 +0200] "POST /api/payment/beatrix/ HTTP/1.1" 200 1182
62.97.72.40 - - [13/Dec/2019:05:56:40 +0200] "GET /api/payment/usage/ HTTP/1.1" 401 1893
95.104.105.3 - - [13/Dec/2019:06:10:16 +0200] "POST /api/payment/entitlement/ HTTP/1.1" 200 1714
35.13.94.10 - - [13/Dec/2019:06:12:38 +0200] "GET /api/payment/autopayoff/?accountId=aeb6bee8-fd57-4272-9bcc-1bb9019f1896 HTTP/1.1" 200 1577
58.53.97.113 - - [13/Dec/2019:06:31:38 +0200] "GET /api/payment/beatrix/ HTTP/1.1" 200 1802
10.57.109.3 - - [13/Dec/2019:06:42:44 +0200] "POST /api/payment/account/ HTTP/1.1" 302 1683
82.15.100.52 - - [13/Dec/2019:07:16:56 +0200] "GET /api/payment/autopayoff/?accountId=02e8b3de-b997-4f8c-9175-ac58af364277 HTTP/1.1" 500 862
95.104.105.3 - - [13/Dec/2019:07:21:59 +0200] "GET /api/payment/autopayoff/?accountId=1266f724-22ed-4e4c-a0ec-a6cb5149f2c9 HTTP/1.1" 200 1655
12.126.28.109 - - [13/Dec/2019:07:24:46 +0200] "POST /api/payment/admin/ HTTP/1.1" 404 797
67.77.6.108 - - [13/Dec/2019:07:27:16 +0200] "POST /api/payment/autopayoff/ HTTP/1.1" 200 1509
46.58.6.7 - - [13/Dec/2019:08:08:03 +0200] "POST /api/payment/autopayoff/ HTTP/1.1" 200 1590
82.15.100.52 - - [13/Dec/2019:08:44:56 +0200] "GET /api/payment/currency/ HTTP/1.1" 200 1513
12.126.28.109 - - [13/Dec/2019:09:10:40 +0200] "POST /api/payment/autopayoff/ HTTP/1.1" 200 984
95.104.105.3 - - [13/Dec/2019:09:20:34 +0200] "POST /api/payment/overdue/ HTTP/1.1" 200 1821
46.58.6.7 - - [13/Dec/2019:10:19:11 +0200] "POST /api/payment/autopayoff/ HTTP/1.1" 200 1502
35.13.94.10 - - [13/Dec/2019:10:21:23 +0200] "GET /api/payment/profiles/ HTTP/1.1" 200 1801
10.57.109.3 - - [13/Dec/2019:10:57:04 +0200] "GET /api/payment/overdue/ HTTP/1.1" 401 1045
46.58.6.7 - - [13/Dec/2019:11:02:49 +0200] "GET /api/payment/profiles/ HTTP/1.1" 200 1187
119.48.44.5 - - [13/Dec/2019:11:15:39 +0200] "GET /api/payment/autopayoff/?accountId=aa9b8276-cefc-4c4f-be71-f295712d6c2b HTTP/1.1" 400 930
119.48.44.5 - - [13/Dec/2019:11:17:42 +0200] "GET /api/payment/profiles/ HTTP/1.1" 200 793
67.77.6.108 - - [13/Dec/2019:11:18:42 +0200] "GET /api/payment/autopayoff/?accountId=8d1d6715-0b08-4877-8858-3ec978ea60b7 HTTP/1.1" 401 1765
67.77.6.108 - - [13/Dec/2019:12:00:17 +0200] "POST /api/payment/autopayoff/ HTTP/1.1" 200 1007
12.126.28.109 - - [13/Dec/2019:12:00:20 +0200] "GET /api/payment/account/ HTTP/1.1" 200 925
46.58.6.7 - - [13/Dec/2019:12:29:54 +0200] "GET /api/payment/account/ HTTP/1.1" 200 1898
10.57.109.3 - - [13/Dec/2019:12:33:18 +0200] "GET /api/payment/account/ HTTP/1.1" 200 1796
19.105.59.19 - - [13/Dec/2019:12:43:14 +0200] "GET /api/payment/admin/ HTTP/1.1" 404 1316
82.15.100.52 - - [13/Dec/2019:12:45:30 +0200] "GET /api/payment/autopayoff/?accountId=a8c1f6a7-8c0f-4ce5-a1b9-e26d2ef455d1 HTTP/1.1" 200 1611
62.97.72.40 - - [13/Dec/2019:12:55:28 +0200] "POST /api/payment/invoice/ HTTP/1.1" 200 1340
62.97.72.40 - - [13/Dec/2019:12:55:41 +0200] "POST /api/payment/subscription/ HTTP/1.1" 200 1090
67.77.6.108 - - [13/Dec/2019:13:17:56 +0200] "POST /api/payment/profiles/ HTTP/1.1" 200 1245
58.53.97.113 - - [13/Dec/2019:13:27:44 +0200] "GET /api/payment/subscription/ HTTP/1.1" 200 1013
82.15.100.52 - - [13/Dec/2019:13:41:23 +0200] "GET /api/payment/autopayoff/?accountId=4259216d-1cc1-4edd-b9b0-3db4756b9574 HTTP/1.1" 200 813
46.58.6.7 - - [13/Dec/2019:13:42:15 +0200] "GET /api/payment/currency/ HTTP/1.1" 400 1857
35.13.94.10 - - [13/Dec/2019:13:45:52 +0200] "GET /api/payment/account/ HTTP/1.1" 200 1330
119.48.44.5 - - [13/Dec/2019:14:02:07 +0200] "GET /api/payment/autopayoff/?accountId=69604db5-2bbe-4a13-aa7b-14a70a4410b1 HTTP/1.1" 200 1252
95.104.105.3 - - [13/Dec/2019:14:22:26 +0200] "GET /api/payment/autopayoff/?accountId=5798a8b4-6a26-475e-b8e4-1f271f899c7e HTTP/1.1" 200 1747
54.96.28.28 - - [13/Dec/2019:14:22:35 +0200] "GET /api/payment/beatrix/ HTTP/1.1" 401 1343
67.77.6.108 - - [13/Dec/2019:15:05:52 +0200] "GET /api/payment/entitlement/ HTTP/1.1" 200 799
62.97.72.40 - - [13/Dec/2019:15:07:12 +0200] "POST /api/payment/usage/ HTTP/1.1" 302 1120
19.105.59.19 - - [13/Dec/2019:15:19:41 +0200] "GET /api/payment/entitlement/ HTTP/1.1" 200 1736
12.126.28.109 - - [13/Dec/2019:16:32:46 +0200] "POST /api/payment/profiles/ HTTP/1.1" 200 1846
119.48.44.5 - - [13/Dec/2019:16:41:48 +0200] "POST /api/payment/invoice/ HTTP/1.1" 200 937
119.48.44.5 - - [13/Dec/2019:16:53:08 +0200] "GET /api/payment/subscription/ HTTP/1.1" 200 1451
54.96.28.28 - - [13/Dec/2019:16:57:31 +0200] "GET /api/payment/beatrix/ HTTP/1.1" 401 1602
82.15.100.52 - - [13/Dec/2019:17:12:39 +0200] "POST /api/payment/beatrix/ HTTP/1.1" 200 1007
46.58.6.7 - - [13/Dec/2019:17:28:41 +0200] "GET /api/payment/autopayoff/?accountId=6f053cd6-a1ee-43f7-8bd6-fa1f86850e34 HTTP/1.1" 200 1007
82.15.100.52 - - [13/Dec/2019:17:42:44 +0200] "POST /api/payment/autopayoff/ HTTP/1.1" 200 1365
19.105.59.19 - - [13/Dec/2019:18:00:15 +0200] "GET /api/payment/autopayoff/?accountId=e47158b8-29df-4568-8faf-e66d8b9bda37 HTTP/1.1" 200 1823
54.96.28.28 - - [13/Dec/2019:18:10:01 +0200] "GET /api/payment/entitlement/ HTTP/1.1" 200 1037
35.13.94.10 - - [13/Dec/2019:18:20:34 +0200] "POST /api/payment/subscription/ HTTP/1.1" 200 864
119.48.44.5 - - [13/Dec/2019:18:24:57 +0200] "POST /api/payment/account/ HTTP/1.1" 200 1432
54.96.28.28 - - [13/Dec/2019:18:42:40 +0200] "POST /api/payment/invoice/ HTTP/1.1" 200 1803
95.104.105.3 - - [13/Dec/2019:19:10:48 +0200] "POST /api/payment/autopayoff/ HTTP/1.1" 200 982
12.126.28.109 - - [13/Dec/2019:19:10:55 +0200] "POST /api/payment/overdue/ HTTP/1.1" 200 1676
62.97.72.40 - - [13/Dec/2019:19:11:44 +0200] "POST /api/payment/autopayoff/ HTTP/1.1" 200 857
95.104.105.3 - - [13/Dec/2019:19:15:22 +0200] "GET /api/payment/autopayoff/?accountId=77dfceff-4c19-49fd-98fe-fe87b941424f HTTP/1.1" 401 1338
46.58.6.7 - - [13/Dec/2019:19:35:50 +0200] "POST /api/payment/autopayoff/ HTTP/1.1" 200 1880
35.13.94.10 - - [13/Dec/2019:19:41:28 +0200] "POST /api/payment/autopayoff/ HTTP/1.1" 200 1778
58.53.97.113 - - [13/Dec/2019:20:35:12 +0200] "GET /api/payment/profiles/ HTTP/1.1" 200 1221
19.105.59.19 - - [13/Dec/2019:21:08:13 +0200] "POST /api/payment/entitlement/ HTTP/1.1" 200 765
67.77.6.108 - - [13/Dec/2019:21:33:40 +0200] "POST /api/payment/autopayoff/ HTTP/1.1" 200 1861
35.13.94.10 - - [13/Dec/2019:21:47:08 +0200] "POST /api/payment/autopayoff/ HTTP/1.1" 200 1444
67.77.6.108 - - [13/Dec/2019:21:51:20 +0200] "GET /api/payment/autopayoff/?accountId=4a136684-566f-4890-8152-830f42f9c239 HTTP/1.1" 200 1200
12.126.28.109 - - [13/Dec/2019:22:08:11 +0200] "POST /api/payment/autopayoff/ HTTP/1.1" 302 1844
95.104.105.3 - - [13/Dec/2019:22:20:21 +0200] "POST /api/payment/profiles/ HTTP/1.1" 200 1155
46.58.6.7 - - [13/Dec/2019:22:37:00 +0200] "POST /api/payment/autopayoff/ HTTP/1.1" 500 1545
54.96.28.28 - - [13/Dec/2019:23:08:23 +0200] "GET /api/payment/autopayoff/?accountId=83244974-a297-4ca8-a4db-b8a5d7d4c61b HTTP/1.1" 200 1861
19.105.59.19 - - [13/Dec/2019:23:16:20 +0200] "POST /api/payment/autopayoff/ HTTP/1.1" 200 1698
67.77.6.108 - - [13/Dec/2019:23:32:05 +0200] "GET /api/payment/autopayoff/?accountId=3b2b9291-63bf-4878-8159-787a313ec346 HTTP/1.1" 200 1783
46.58.6.7 - - [13/Dec/2019:23:33:48 +0200] "GET /api/payment/autopayoff/?accountId=4c1351bf-e4c3-414d-8724-bf69b1de2a42 HTTP/1.1" 401 1552
35.13.94.10 - - [13/Dec/2019:23:38:34 +0200] "GET /api/payment/usage/ HTTP/1.1" 200 1013
62.97.72.40 - - [13/Dec/2019:23:50:36 +0200] "GET /api/payment/usage/ HTTP/1.1" 200 1104
58.53.97.113 - - [13/Dec/2019:23:51:33 +0200] "GET /api/payment/autopayoff/?accountId=7b50cb7b-f3e2-4d6a-9380-a5238ce68916 HTTP/1.1" 200 1642
58.53.97.113 - - [13/Dec/2019:23:58:18 +0200] "GET /api/payment/profiles/ HTTP/1.1" 200 1007
82.15.100.52 - - [14/Dec/2019:00:23:11 +0200] "POST /api/payment/currency/ HTTP/1.1" 200 1025
82.15.100.52 - - [14/Dec/2019:00:30:59 +0200] "POST /api/payment/autopayoff/ HTTP/1.1" 200 1601
62.97.72.40 - - [14/Dec/2019:00:53:03 +0200] "GET /api/payment/autopayoff/?accountId=88571234-7d2d-411b-844c-23fe1462b486 HTTP/1.1" 400 849
95.104.105.3 - - [14/Dec/2019:01:11:36 +0200] "POST /api/payment/profiles/ HTTP/1.1" 200 1392
67.77.6.108 - - [14/Dec/2019:01:30:36 +0200] "GET /api/payment/profiles/ HTTP/1.1" 200 1663
19.105.59.19 - - [14/Dec/2019:01:47:30 +0200] "POST /api/payment/admin/ HTTP/1.1" 404 1597
95.104.105.3 - - [14/Dec/2019:01:48:55 +0200] "POST /api/payment/autopayoff/ HTTP/1.1" 200 1055
12.126.28.109 - - [14/Dec/2019:02:26:01 +0200] "GET /api/payment/subscription/ HTTP/1.1" 200 1560
35.13.94.10 - - [14/Dec/2019:02:28:29 +0200] "GET /api/payment/subscription/ HTTP/1.1" 200 1479
58.53.97.113 - - [14/Dec/2019:02:28:42 +0200] "POST /api/payment/usage/ HTTP/1.1" 200 1889
82.15.100.52 - - [14/Dec/2019:02:29:41 +0200] "GET /api/payment/overdue/ HTTP/1.1" 200 1588
12.126.28.109 - - [14/Dec/2019:02:55:18 +0200] "GET /api/payment/autopayoff/?accountId=3bcc5add-4318-4bb5-b48b-481f98fb20e5 HTTP/1.1" 200 1015
19.105.59.19 - - [14/Dec/2019:03:57:08 +0200] "POST /api/payment/autopayoff/ HTTP/1.1" 200 1184
82.15.100.52 - - [14/Dec/2019:04:01:46 +0200] "GET /api/payment/autopayoff/?accountId=aa92165f-e7a4-4967-8aa7-ab30ec7b4fbe HTTP/1.1" 200 1370
67.77.6.108 - - [14/Dec/2019:04:04:12 +0200] "GET /api/payment/autopayoff/?accountId=e728d205-54d7-4818-b871-c3c164424efa HTTP/1.1" 200 1821
35.13.94.10 - - [14/Dec/2019:04:05:39 +0200] "POST /api/payment/autopayoff/ HTTP/1.1" 401 872
54.96.28.28 - - [14/Dec/2019:04:17:11 +0200] "POST /api/payment/autopayoff/ HTTP/1.1" 200 1851
10.57.109.3 - - [14/Dec/2019:04:18:05 +0200] "POST /api/payment/account/ HTTP/1.1" 200 1279
58.53.97.113 - - [14/Dec/2019:05:03:33 +0200] "GET /api/payment/usage/ HTTP/1.1" 200 1379
82.15.100.52 - - [14/Dec/2019:05:08:49 +0200] "POST /api/payment/profiles/ HTTP/1.1" 200 1520
119.48.44.5 - - [14/Dec/2019:05:38:14 +0200] "POST /api/payment/currency/ HTTP/1.1" 200 1705
35.13.94.10 - - [14/Dec/2019:05:46:34 +0200] "GET /api/payment/autopayoff/?accountId=81b18bb9-e0b0-4b73-96c9-137396e63741 HTTP/1.1" 200 1822
62.97.72.40 - - [14/Dec/2019:05:57:14 +0200] "GET /api/payment/profiles/ HTTP/1.1" 200 1240
19.105.59.19 - - [14/Dec/2019:06:22:26 +0200] "GET /api/payment/autopayoff/?accountId=4efd5f9c-4067-4e37-8b78-241d75feba8e HTTP/1.1" 200 1714
119.48.44.5 - - [14/Dec/2019:06:31:08 +0200] "GET /api/payment/autopayoff/?accountId=52ff3d89-d81f-4e3c-bb24-79faca3358e7 HTTP/1.1" 200 1765
12.126.28.109 - - [14/Dec/2019:06:34:29 +0200] "GET /api/payment/entitlement/ HTTP/1.1" 500 1086
119.48.44.5 - - [14/Dec/2019:06:39:30 +0200] "GET /api/payment/admin/ HTTP/1.1" 404 853
10.57.109.3 - - [14/Dec/2019:07:00:02 +0200] "POST /api/payment/autopayoff/ HTTP/1.1" 302 1547
62.97.72.40 - - [14/Dec/2019:07:19:13 +0200] "POST /api/payment/currency/ HTTP/1.1" 200 1651
58.53.97.113 - - [14/Dec/2019:07:38:20 +0200] "GET /api/payment/overdue/ HTTP/1.1" 200 1160
62.97.72.40 - - [14/Dec/2019:07:46:56 +0200] "POST /api/payment/autopayoff/ HTTP/1.1" 200 896
54.96.28.28 - - [14/Dec/2019:07:52:52 +0200] "POST /api/payment/overdue/ HTTP/1.1" 200 1435
119.48.44.5 - - [14/Dec/2019:08:32:28 +0200] "POST /api/payment/overdue/ HTTP/1.1" 200 1166
54.96.28.28 - - [14/Dec/2019:08:51:29 +0200] "POST /api/payment/admin/ HTTP/1.1" 404 883
54.96.28.28 - - [14/Dec/2019:09:04:16 +0200] "GET /api/payment/currency/ HTTP/1.1" 200 813
10.57.109.3 - - [14/Dec/2019:09:27:16 +0200] "POST /api/payment/autopayoff/ HTTP/1.1" 302 1470
54.96.28.28 - - [14/Dec/2019:09:31:18 +0200] "GET /api/payment/profiles/ HTTP/1.1" 200 1473
119.48.44.5 - - [14/Dec/2019:09:56:47 +0200] "GET /api/payment/overdue/ HTTP/1.1" 400 1169
54.96.28.28 - - [14/Dec/2019:10:34:30 +0200] "GET /api/payment/autopayoff/?accountId=0785088c-813d-46c5-aabf-89c1a2730fe6 HTTP/1.1" 200 1899
35.13.94.10 - - [14/Dec/2019:10:38:31 +0200] "GET /api/payment/autopayoff/?accountId=9a9a354a-2939-49e6-b9da-8bc5ba781f6b HTTP/1.1" 200 872
119.48.44.5 - - [14/Dec/2019:10:52:43 +0200] "POST /api/payment/autopayoff/ HTTP/1.1" 500 1275
95.104.105.3 - - [14/Dec/2019:11:06:56 +0200] "POST /api/payment/overdue/ HTTP/1.1" 200 899
119.48.44.5 - - [14/Dec/2019:11:11:11 +0200] "GET /api/payment/entitlement/ HTTP/1.1" 200 1562
58.53.97.113 - - [14/Dec/2019:11:44:46 +0200] "GET /api/payment/autopayoff/?accountId=4a4dd174-f5d4-44b6-90d1-f0eb231c7552 HTTP/1.1" 200 1579
35.13.94.10 - - [14/Dec/2019:11:55:48 +0200] "GET /api/payment/usage/ HTTP/1.1" 200 1004
58.53.97.113 - - [14/Dec/2019:12:05:00 +0200] "POST /api/payment/autopayoff/ HTTP/1.1" 200 1470
95.104.105.3 - - [14/Dec/2019:12:32:22 +0200] "GET /api/payment/autopayoff/?accountId=0525402a-3808-4e3d-8341-ef94dcfb1071 HTTP/1.1" 200 1105
82.15.100.52 - - [14/Dec/2019:13:00:49 +0200] "POST /api/payment/subscription/ HTTP/1.1" 200 1877
62.97.72.40 - - [14/Dec/2019:13:19:01 +0200] "GET /api/payment/autopayoff/?accountId=af55ad41-42ef-461a-9e48-f9285d6555d1 HTTP/1.1" 200 1306
95.104.105.3 - - [14/Dec/2019:14:07:01 +0200] "POST /api/payment/invoice/ HTTP/1.1" 200 1003
95.104.105.3 - - [14/Dec/2019:15:03:30 +0200] "POST /api/payment/autopayoff/ HTTP/1.1" 200 828
35.13.94.10 - - [14/Dec/2019:15:06:30 +0200] "POST /api/payment/autopayoff/ HTTP/1.1" 200 1143
67.77.6.108 - - [14/Dec/2019:15:12:52 +0200] "GET /api/payment/autopayoff/?accountId=5dcd01a4-3448-44aa-884a-e3a66e91941f HTTP/1.1" 200 1559
19.105.59.19 - - [14/Dec/2019:15:19:38 +0200] "GET /api/payment/invoice/ HTTP/1.1" 200 997
12.126.28.109 - - [14/Dec/2019:15:38:48 +0200] "POST /api/payment/autopayoff/ HTTP/1.1" 200 968
62.97.72.40 - - [14/Dec/2019:15:59:51 +0200] "GET /api/payment/overdue/ HTTP/1.1" 400 1178
12.126.28.109 - - [14/Dec/2019:16:08:23 +0200] "POST /api/payment/autopayoff/ HTTP/1.1" 200 799
35.13.94.10 - - [14/Dec/2019:16:35:30 +0200] "GET /api/payment/entitlement/ HTTP/1.1" 302 1248
19.105.59.19 - - [14/Dec/2019:17:03:28 +0200] "GET /api/payment/autopayoff/?accountId=812a6199-62ad-475e-9868-b9b5f6e163fc HTTP/1.1" 200 1351
12.126.28.109 - - [14/Dec/2019:17:51:42 +0200] "POST /api/payment/account/ HTTP/1.1" 200 795
54.96.28.28 - - [14/Dec/2019:18:44:37 +0200] "POST /api/payment/autopayoff/ HTTP/1.1" 200 1012
67.77.6.108 - - [14/Dec/2019:19:02:11 +0200] "GET /api/payment/autopayoff/?accountId=3aed281b-2bc2-4e52-a69f-c8268d26391b HTTP/1.1" 200 1303
46.58.6.7 - - [14/Dec/2019:19:25:17 +0200] "GET /api/payment/autopayoff/?accountId=6fe64f4e-6a47-4983-84db-aec778102286 HTTP/1.1" 500 1070
10.57.109.3 - - [14/Dec/2019:19:59:29 +0200] "GET /api/payment/autopayoff/?accountId=35e1ef1b-47ad-4ac2-9942-aaddd2bd8d11 HTTP/1.1" 200 1172
54.96.28.28 - - [14/Dec/2019:20:33:22 +0200] "GET /api/payment/entitlement/ HTTP/1.1" 200 1179
10.57.109.3 - - [14/Dec/2019:21:03:52 +0200] "GET /api/payment/autopayoff/?accountId=fbf65dca-67ac-4833-b6a9-628b1b7047d8 HTTP/1.1" 200 1442
19.105.59.19 - - [14/Dec/2019:21:27:35 +0200] "GET /api/payment/currency/ HTTP/1.1" 200 1305
54.96.28.28 - - [14/Dec/2019:22:03:17 +0200] "GET /api/payment/autopayoff/?accountId=a3e78190-7ea5-4396-8221-4ec39834a194 HTTP/1.1" 200 1056
10.57.109.3 - - [14/Dec/2019:22:19:13 +0200] "GET /api/payment/currency/ HTTP/1.1" 200 1322
10.57.109.3 - - [14/Dec/2019:22:41:31 +0200] "POST /api/payment/profiles/ HTTP/1.1" 200 1865
82.15.100.52 - - [14/Dec/2019:22:47:16 +0200] "GET /api/payment/autopayoff/?accountId=063612c0-6f22-40d9-afb5-6b6bc3c9e616 HTTP/1.1" 302 1026
35.13.94.10 - - [14/Dec/2019:22:58:49 +0200] "POST /api/payment/autopayoff/ HTTP/1.1" 200 1200
46.58.6.7 - - [14/Dec/2019:23:46:53 +0200] "GET /api/payment/admin/ HTTP/1.1" 404 1735
54.96.28.28 - - [15/Dec/2019:00:10:52 +0200] "GET /api/payment/subscription/ HTTP/1.1" 400 1295
119.48.44.5 - - [15/Dec/2019:00:39:23 +0200] "GET /api/payment/beatrix/ HTTP/1.1" 401 1751
58.53.97.113 - - [15/Dec/2019:01:04:08 +0200] "GET /api/payment/autopayoff/?accountId=08b12d88-e956-4114-8156-8b5731106c0a HTTP/1.1" 500 971
67.77.6.108 - - [15/Dec/2019:01:06:35 +0200] "GET /api/payment/invoice/ HTTP/1.1" 200 812
62.97.72.40 - - [15/Dec/2019:01:30:27 +0200] "GET /api/payment/beatrix/ HTTP/1.1" 200 1467
54.96.28.28 - - [15/Dec/2019:01:36:51 +0200] "GET /api/payment/autopayoff/?accountId=7ef47c1e-e73e-4199-9f81-94879793aec1 HTTP/1.1" 401 1243
119.48.44.5 - - [15/Dec/2019:01:38:49 +0200] "GET /api/payment/profiles/ HTTP/1.1" 401 942
35.13.94.10 - - [15/Dec/2019:01:46:49 +0200] "POST /api/payment/autopayoff/ HTTP/1.1" 200 1874
58.53.97.113 - - [15/Dec/2019:01:53:59 +0200] "GET /api/payment/beatrix/ HTTP/1.1" 500 1265
12.126.28.109 - - [15/Dec/2019:03:21:17 +0200] "POST /api/payment/subscription/ HTTP/1.1" 200 1193
58.53.97.113 - - [15/Dec/2019:03:45:49 +0200] "POST /api/payment/currency/ HTTP/1.1" 200 1085
58.53.97.113 - - [15/Dec/2019:03:45:57 +0200] "GET /api/payment/beatrix/ HTTP/1.1" 200 1421
58.53.97.113 - - [15/Dec/2019:04:39:23 +0200] "POST /api/payment/autopayoff/ HTTP/1.1" 200 1559
46.58.6.7 - - [15/Dec/2019:05:16:28 +0200] "POST /api/payment/subscription/ HTTP/1.1" 200 1869
95.104.105.3 - - [15/Dec/2019:05:23:49 +0200] "POST /api/payment/entitlement/ HTTP/1.1" 200 922
82.15.100.52 - - [15/Dec/2019:06:24:20 +0200] "GET /api/payment/account/ HTTP/1.1" 200 834
82.15.100.52 - - [15/Dec/2019:07:06:37 +0200] "POST /api/payment/subscription/ HTTP/1.1" 200 1121
62.97.72.40 - - [15/Dec/2019:07:33:14 +0200] "POST /api/payment/entitlement/ HTTP/1.1" 200 1710
82.15.100.52 - - [15/Dec/2019:08:07:42 +0200] "POST /api/payment/profiles/ HTTP/1.1" 200 1066
82.15.100.52 - - [15/Dec/2019:08:17:19 +0200] "POST /api/payment/admin/ HTTP/1.1" 404 851
95.104.105.3 - - [15/Dec/2019:08:21:12 +0200] "GET /api/payment/autopayoff/?accountId=0233f327-555c-47a4-9966-abbd09ede4d2 HTTP/1.1" 200 1060
67.77.6.108 - - [15/Dec/2019:09:05:50 +0200] "GET /api/payment/profiles/ HTTP/1.1" 200 1147
82.15.100.52 - - [15/Dec/2019:09:17:07 +0200] "POST /api/payment/autopayoff/ HTTP/1.1" 401 1197
54.96.28.28 - - [15/Dec/2019:09:18:51 +0200] "GET /api/payment/account/ HTTP/1.1" 200 1813
119.48.44.5 - - [15/Dec/2019:09:23:57 +0200] "GET /api/payment/beatrix/ HTTP/1.1" 401 1683
82.15.100.52 - - [15/Dec/2019:09:59:26 +0200] "POST /api/payment/profiles/ HTTP/1.1" 200 810
62.97.72.40 - - [15/Dec/2019:11:04:49 +0200] "GET /api/payment/autopayoff/?accountId=bcc16b40-b233-409b-8c7b-625bd2826fa7 HTTP/1.1" 200 1875
19.105.59.19 - - [15/Dec/2019:11:14:36 +0200] "GET /api/payment/autopayoff/?accountId=ca73b01d-afbf-4e2d-9bc6-a65861c898e1 HTTP/1.1" 200 1369
67.77.6.108 - - [15/Dec/2019:11:26:56 +0200] "GET /api/payment/autopayoff/?accountId=22ab58ef-5435-40f2-9049-f7108ac96f9a HTTP/1.1" 200 1600
46.58.6.7 - - [15/Dec/2019:11:37:31 +0200] "GET /api/payment/autopayoff/?accountId=02f4858a-52ad-4366-ad3f-37b42ef8b99a HTTP/1.1" 401 1620
67.77.6.108 - - [15/Dec/2019:12:01:48 +0200] "GET /api/payment/autopayoff/?accountId=2354a254-94e9-42b6-9b61-45c4126713f0 HTTP/1.1" 200 1230
19.105.59.19 - - [15/Dec/2019:12:05:08 +0200] "GET /api/payment/currency/ HTTP/1.1" 200 1250
35.13.94.10 - - [15/Dec/2019:13:11:16 +0200] "POST /api/payment/subscription/ HTTP/1.1" 200 1369
54.96.28.28 - - [15/Dec/2019:13:18:45 +0200] "GET /api/payment/autopayoff/?accountId=bf7a66a0-1731-4b8a-b048-1450a8528014 HTTP/1.1" 500 1253
95.104.105.3 - - [15/Dec/2019:13:45:17 +0200] "POST /api/payment/autopayoff/ HTTP/1.1" 200 933
10.57.109.3 - - [15/Dec/2019:13:45:27 +0200] "GET /api/payment/profiles/ HTTP/1.1" 200 1019
12.126.28.109 - - [15/Dec/2019:14:19:07 +0200] "GET /api/payment/subscription/ HTTP/1.1" 400 1382
46.58.6.7 - - [15/Dec/2019:14:44:15 +0200] "GET /api/payment/autopayoff/?accountId=90a5a7c7-f13b-4929-9be4-6c231cfe08bc HTTP/1.1" 200 1596
10.57.109.3 - - [15/Dec/2019:15:12:37 +0200] "GET /api/payment/autopayoff/?accountId=44f0047f-8ad7-4b96-bbeb-cf81a4f82efe HTTP/1.1" 200 1898
19.105.59.19 - - [15/Dec/2019:15:12:39 +0200] "GET /api/payment/autopayoff/?accountId=01ca9481-f86b-4d4b-aa14-738cfa580fac HTTP/1.1" 200 1274
119.48.44.5 - - [15/Dec/2019:15:20:18 +0200] "GET /api/payment/autopayoff/?accountId=a307848b-db5e-42c1-9945-b11ddc0883c3 HTTP/1.1" 200 913
12.126.28.109 - - [15/Dec/2019:15:43:00 +0200] "POST /api/payment/autopayoff/ HTTP/1.1" 200 1437
54.96.28.28 - - [15/Dec/2019:16:28:33 +0200] "GET /api/payment/currency/ HTTP/1.1" 200 1018
54.96.28.28 - - [15/Dec/2019:16:30:06 +0200] "GET /api/payment/overdue/ HTTP/1.1" 200 1766
54.96.28.28 - - [15/Dec/2019:16:41:08 +0200] "GET /api/payment/autopayoff/?accountId=5c8bd3c8-3ac0-4ea4-aa53-4f57e35db576 HTTP/1.1" 302 1052
12.126.28.109 - - [15/Dec/2019:16:56:12 +0200] "GET /api/payment/entitlement/ HTTP/1.1" 200 1570
35.13.94.10 - - [15/Dec/2019:17:20:57 +0200] "GET /api/payment/currency/ HTTP/1.1" 500 1615
119.48.44.5 - - [15/Dec/2019:17:25:34 +0200] "POST /api/payment/admin/ HTTP/1.1" 404 1461
19.105.59.19 - - [15/Dec/2019:17:26:23 +0200] "POST /api/payment/autopayoff/ HTTP/1.1" 200 1736
54.96.28.28 - - [15/Dec/2019:17:49:02 +0200] "POST /api/payment/autopayoff/ HTTP/1.1" 200 1117
119.48.44.5 - - [15/Dec/2019:18:26:52 +0200] "GET /api/payment/autopayoff/?accountId=2a5229c4-f3ef-4010-94a9-94b9d81b9eaf HTTP/1.1" 200 1161
119.48.44.5 - - [15/Dec/2019:18:57:15 +0200] "GET /api/payment/account/ HTTP/1.1" 200 1158
35.13.94.10 - - [15/Dec/2019:18:58:07 +0200] "GET /api/payment/autopayoff/?accountId=9b00b88c-f10d-492e-b8a8-062cec207b53 HTTP/1.1" 500 1868
82.15.100.52 - - [15/Dec/2019:19:34:55 +0200] "GET /api/payment/autopayoff/?accountId=277b97e4-63ad-45c0-bfaf-bad2abcd45cc HTTP/1.1" 200 1447
12.126.28.109 - - [15/Dec/2019:20:16:38 +0200] "GET /api/payment/invoice/ HTTP/1.1" 400 1389
67.77.6.108 - - [15/Dec/2019:20:19:46 +0200] "GET /api/payment/autopayoff/?accountId=55d98e4a-b748-49b4-a440-187abe0ff3f8 HTTP/1.1" 200 1115
82.15.100.52 - - [15/Dec/2019:20:36:08 +0200] "POST /api/payment/subscription/ HTTP/1.1" 200 1554
35.13.94.10 - - [15/Dec/2019:21:15:34 +0200] "GET /api/payment/autopayoff/?accountId=2a618373-0b8d-49e4-b97f-d17ff352f9f0 HTTP/1.1" 200 1130
58.53.97.113 - - [15/Dec/2019:21:24:05 +0200] "POST /api/payment/autopayoff/ HTTP/1.1" 200 1034
119.48.44.5 - - [15/Dec/2019:21:29:22 +0200] "POST /api/payment/admin/ HTTP/1.1" 404 1004
54.96.28.28 - - [15/Dec/2019:21:59:46 +0200] "POST /api/payment/beatrix/ HTTP/1.1" 200 1592
82.15.100.52 - - [15/Dec/2019:22:14:32 +0200] "GET /api/payment/autopayoff/?accountId=3f56d142-5624-4699-849f-d94063dbfa13 HTTP/1.1" 200 1590
58.53.97.113 - - [15/Dec/2019:22:17:38 +0200] "GET /api/payment/autopayoff/?accountId=e7f2d728-e4fb-4a2f-921c-beee93115910 HTTP/1.1" 200 1569
35.13.94.10 - - [15/Dec/2019:22:22:24 +0200] "GET /api/payment/usage/ HTTP/1.1" 500 1482
54.96.28.28 - - [15/Dec/2019:22:30:50 +0200] "POST /api/payment/currency/ HTTP/1.1" 200 1400
82.15.100.52 - - [15/Dec/2019:22:44:21 +0200] "POST /api/payment/beatrix/ HTTP/1.1" 200 863
58.53.97.113 - - [15/Dec/2019:22:45:07 +0200] "POST /api/payment/account/ HTTP/1.1" 200 1228
54.96.28.28 - - [15/Dec/2019:22:46:07 +0200] "POST /api/payment/account/ HTTP/1.1" 200 752
19.105.59.19 - - [15/Dec/2019:22:47:08 +0200] "GET /api/payment/account/ HTTP/1.1" 200 862
58.53.97.113 - - [15/Dec/2019:23:13:25 +0200] "GET /api/payment/account/ HTTP/1.1" 400 1890
82.15.100.52 - - [15/Dec/2019:23:35:52 +0200] "POST /api/payment/autopayoff/ HTTP/1.1" 200 1337
119.48.44.5 - - [15/Dec/2019:23:39:22 +0200] "GET /api/payment/beatrix/ HTTP/1.1" 200 1415
35.13.94.10 - - [16/Dec/2019:00:04:40 +0200] "POST /api/payment/profiles/ HTTP/1.1" 200 1552
119.48.44.5 - - [16/Dec/2019:00:11:51 +0200] "GET /api/payment/overdue/ HTTP/1.1" 200 1163
19.105.59.19 - - [16/Dec/2019:00:13:22 +0200] "POST /api/payment/overdue/ HTTP/1.1" 200 764
12.126.28.109 - - [16/Dec/2019:01:02:13 +0200] "GET /api/payment/autopayoff/?accountId=96e08263-c9d5-4ac1-8d1f-1e1bb0381393 HTTP/1.1" 200 798
58.53.97.113 - - [16/Dec/2019:01:04:16 +0200] "POST /api/payment/invoice/ HTTP/1.1" 200 1090
12.126.28.109 - - [16/Dec/2019:01:06:20 +0200] "GET /api/payment/autopayoff/?accountId=82ed7f0d-95c3-4441-8bea-8f6e37d50350 HTTP/1.1" 200 1729
58.53.97.113 - - [16/Dec/2019:01:37:02 +0200] "GET /api/payment/overdue/ HTTP/1.1" 200 1461
119.48.44.5 - - [16/Dec/2019:01:44:27 +0200] "POST /api/payment/profiles/ HTTP/1.1" 200 1714
10.57.109.3 - - [16/Dec/2019:01:51:47 +0200] "POST /api/payment/invoice/ HTTP/1.1" 200 1812
62.97.72.40 - - [16/Dec/2019:01:52:28 +0200] "GET /api/payment/usage/ HTTP/1.1" 200 1843
10.57.109.3 - - [16/Dec/2019:02:12:26 +0200] "POST /api/payment/autopayoff/ HTTP/1.1" 400 1214
46.58.6.7 - - [16/Dec/2019:02:22:03 +0200] "GET /api/payment/currency/ HTTP/1.1" 401 1111
62.97.72.40 - - [16/Dec/2019:02:28:37 +0200] "GET /api/payment/autopayoff/?accountId=c3af5d25-cafb-4095-9e5b-c456923ad1b8 HTTP/1.1" 500 1617
10.57.109.3 - - [16/Dec/2019:02:49:09 +0200] "GET /api/payment/overdue/ HTTP/1.1" 200 1113
54.96.28.28 - - [16/Dec/2019:03:20:59 +0200] "GET /api/payment/overdue/ HTTP/1.1" 200 902
54.96.28.28 - - [16/Dec/2019:03:24:03 +0200] "POST /api/payment/autopayoff/ HTTP/1.1" 200 1754
58.53.97.113 - - [16/Dec/2019:03:40:42 +0200] "GET /api/payment/autopayoff/?accountId=bbebb660-044f-4869-a4a6-10081fc843a1 HTTP/1.1" 200 989
62.97.72.40 - - [16/Dec/2019:03:44:42 +0200] "GET /api/payment/admin/ HTTP/1.1" 404 951
12.126.28.109 - - [16/Dec/2019:04:42:04 +0200] "POST /api/payment/autopayoff/ HTTP/1.1" 200 810
46.58.6.7 - - [16/Dec/2019:04:52:58 +0200] "GET /api/payment/autopayoff/?accountId=04a20c49-b98d-42cd-8a48-2c7154006a4f HTTP/1.1" 200 1546
12.126.28.109 - - [16/Dec/2019:05:03:08 +0200] "POST /api/payment/admin/ HTTP/1.1" 404 1667
46.58.6.7 - - [16/Dec/2019:05:25:13 +0200] "GET /api/payment/profiles/ HTTP/1.1" 200 1497
119.48.44.5 - - [16/Dec/2019:05:39:26 +0200] "GET /api/payment/usage/ HTTP/1.1" 200 1834
58.53.97.113 - - [16/Dec/2019:06:34:36 +0200] "GET /api/payment/beatrix/ HTTP/1.1" 200 993
19.105.59.19 - - [16/Dec/2019:06:35:21 +0200] "GET /api/payment/subscription/ HTTP/1.1" 200 906
95.104.105.3 - - [16/Dec/2019:06:48:11 +0200] "GET /api/payment/currency/ HTTP/1.1" 200 1190
54.96.28.28 - - [16/Dec/2019:06:51:02 +0200] "GET /api/payment/account/ HTTP/1.1" 200 1696
35.13.94.10 - - [16/Dec/2019:07:26:51 +0200] "GET /api/payment/autopayoff/?accountId=18d7d136-e4e6-4229-9875-9146ab9950d2 HTTP/1.1" 302 1274
82.15.100.52 - - [16/Dec/2019:07:30:16 +0200] "POST /api/payment/overdue/ HTTP/1.1" 200 1902
82.15.100.52 - - [16/Dec/2019:07:59:16 +0200] "GET /api/payment/autopayoff/?accountId=ee902e8a-d148-468e-8642-cf26778c8a4d HTTP/1.1" 200 872
10.57.109.3 - - [16/Dec/2019:08:02:24 +0200] "GET /api/payment/currency/ HTTP/1.1" 200 812
58.53.97.113 - - [16/Dec/2019:08:18:25 +0200] "POST /api/payment/invoice/ HTTP/1.1" 200 1136
12.126.28.109 - - [16/Dec/2019:08:23:38 +0200] "GET /api/payment/autopayoff/?accountId=607ca434-cd28-4714-a523-3fa67a917eaf HTTP/1.1" 500 1794
35.13.94.10 - - [16/Dec/2019:08:54:31 +0200] "GET /api/payment/autopayoff/?accountId=c358b5c2-a170-4e96-a26c-bdfd44cf2b80 HTTP/1.1" 200 823
10.57.109.3 - - [16/Dec/2019:09:08:43 +0200] "POST /api/payment/autopayoff/ HTTP/1.1" 200 1558
62.97.72.40 - - [16/Dec/2019:10:20:17 +0200] "POST /api/payment/autopayoff/ HTTP/1.1" 200 1190
58.53.97.113 - - [16/Dec/2019:10:41:39 +0200] "GET /api/payment/autopayoff/?accountId=5d17f6df-2de7-40b8-a49d-8b1b03c3b240 HTTP/1.1" 400 857
62.97.72.40 - - [16/Dec/2019:10:48:01 +0200] "POST /api/payment/autopayoff/ HTTP/1.1" 200 761
82.15.100.52 - - [16/Dec/2019:10:53:08 +0200] "POST /api/payment/admin/ HTTP/1.1" 404 1216
19.105.59.19 - - [16/Dec/2019:10:54:30 +0200] "GET /api/payment/autopayoff/?accountId=d32e4e51-7d74-427b-9b0b-9d55d7b60167 HTTP/1.1" 200 1028
54.96.28.28 - - [16/Dec/2019:11:53:47 +0200] "POST /api/payment/autopayoff/ HTTP/1.1" 200 1620
12.126.28.109 - - [16/Dec/2019:12:04:41 +0200] "GET /api/payment/autopayoff/?accountId=c301866a-a35b-4895-ad3d-3810b77dad81 HTTP/1.1" 200 925
19.105.59.19 - - [16/Dec/2019:12:42:36 +0200] "GET /api/payment/autopayoff/?accountId=032a22be-487d-41f2-ac3c-dfb52d968738 HTTP/1.1" 302 1310
35.13.94.10 - - [16/Dec/2019:12:43:52 +0200] "POST /api/payment/autopayoff/ HTTP/1.1" 200 1422
82.15.100.52 - - [16/Dec/2019:13:18:02 +0200] "GET /api/payment/account/ HTTP/1.1" 200 1269
19.105.59.19 - - [16/Dec/2019:13:25:43 +0200] "POST /api/payment/subscription/ HTTP/1.1" 200 1067
58.53.97.113 - - [16/Dec/2019:14:26:07 +0200] "GET /api/payment/invoice/ HTTP/1.1" 302 1166
10.57.109.3 - - [16/Dec/2019:14:53:16 +0200] "POST /api/payment/autopayoff/ HTTP/1.1" 302 1674
58.53.97.113 - - [16/Dec/2019:15:39:45 +0200] "GET /api/payment/autopayoff/?accountId=905cfe91-421d-415a-acbd-9d79b6d1531a HTTP/1.1" 200 891
19.105.59.19 - - [16/Dec/2019:15:42:37 +0200] "POST /api/payment/beatrix/ HTTP/1.1" 200 1563
10.57.109.3 - - [16/Dec/2019:15:51:59 +0200] "POST /api/payment/autopayoff/ HTTP/1.1" 200 1340
95.104.105.3 - - [16/Dec/2019:15:55:00 +0200] "GET /api/payment/currency/ HTTP/1.1" 200 1229
67.77.6.108 - - [16/Dec/2019:16:17:00 +0200] "GET /api/payment/invoice/ HTTP/1.1" 401 1028
67.77.6.108 - - [16/Dec/2019:16:22:59 +0200] "GET /api/payment/autopayoff/?accountId=252c0413-7c5b-44e0-9feb-ae6d7eda62d1 HTTP/1.1" 200 1414
67.77.6.108 - - [16/Dec/2019:16:44:33 +0200] "POST /api/payment/autopayoff/ HTTP/1.1" 200 1018
58.53.97.113 - - [16/Dec/2019:16:57:58 +0200] "POST /api/payment/admin/ HTTP/1.1" 404 1693
